2026-02-04 10:53:23,217 - util.py[DEBUG]: Reading from /sys/class/net/lo/device/device (quiet=False)
2026-02-04 10:53:23,217 - util.py[DEBUG]: Reading from /sys/class/net/ens5/type (quiet=False)
2026-02-04 10:53:23,217 - util.py[DEBUG]: Read 2 bytes from /sys/class/net/ens5/type
2026-02-04 10:53:23,217 - util.py[DEBUG]: Reading from /sys/class/net/lo/type (quiet=False)
2026-02-04 10:53:23,217 - util.py[DEBUG]: Read 4 bytes from /sys/class/net/lo/type
2026-02-04 10:53:23,217 - stages.py[DEBUG]: network config disabled by system_cfg
2026-02-04 10:53:23,217 - stages.py[INFO]: network config is disabled by system_cfg
2026-02-04 10:53:23,217 - handlers.py[DEBUG]: start: init-network/setup-datasource: setting up datasource
2026-02-04 10:53:23,217 - handlers.py[DEBUG]: finish: init-network/setup-datasource: SUCCESS: setting up datasource
2026-02-04 10:53:23,217 - util.py[DEBUG]: Writing to /var/lib/cloud/instances/i-02715b4d4f4853c6e/user-data.txt - wb: [600] 2597 bytes
2026-02-04 10:53:23,218 - util.py[DEBUG]: Restoring selinux mode for /var/lib/cloud/instances/i-02715b4d4f4853c6e/user-data.txt (recursive=False)
2026-02-04 10:53:23,219 - util.py[DEBUG]: Restoring selinux mode for /var/lib/cloud/instances/i-02715b4d4f4853c6e/user-data.txt (recursive=False)
2026-02-04 10:53:23,222 - util.py[DEBUG]: Writing to /var/lib/cloud/instances/i-02715b4d4f4853c6e/user-data.txt.i - wb: [600] 2903 bytes
2026-02-04 10:53:23,222 - util.py[DEBUG]: Restoring selinux mode for /var/lib/cloud/instances/i-02715b4d4f4853c6e/user-data.txt.i (recursive=False)
2026-02-04 10:53:23,223 - util.py[DEBUG]: Restoring selinux mode for /var/lib/cloud/instances/i-02715b4d4f4853c6e/user-data.txt.i (recursive=False)
2026-02-04 10:53:23,224 - util.py[DEBUG]: Writing to /var/lib/cloud/instances/i-02715b4d4f4853c6e/vendor-data.txt - wb: [600] 0 bytes
2026-02-04 10:53:23,224 - util.py[DEBUG]: Restoring selinux mode for /var/lib/cloud/instances/i-02715b4d4f4853c6e/vendor-data.txt (recursive=False)
2026-02-04 10:53:23,225 - util.py[DEBUG]: Restoring selinux mode for /var/lib/cloud/instances/i-02715b4d4f4853c6e/vendor-data.txt (recursive=False)
2026-02-04 10:53:23,226 - util.py[DEBUG]: Writing to /var/lib/cloud/instances/i-02715b4d4f4853c6e/vendor-data.txt.i - wb: [600] 308 bytes
2026-02-04 10:53:23,226 - util.py[DEBUG]: Restoring selinux mode for /var/lib/cloud/instances/i-02715b4d4f4853c6e/vendor-data.txt.i (recursive=False)
2026-02-04 10:53:23,227 - util.py[DEBUG]: Restoring selinux mode for /var/lib/cloud/instances/i-02715b4d4f4853c6e/vendor-data.txt.i (recursive=False)
2026-02-04 10:53:23,227 - util.py[DEBUG]: Writing to /var/lib/cloud/instances/i-02715b4d4f4853c6e/vendor-data2.txt - wb: [600] 0 bytes
2026-02-04 10:53:23,228 - util.py[DEBUG]: Restoring selinux mode for /var/lib/cloud/instances/i-02715b4d4f4853c6e/vendor-data2.txt (recursive=False)
2026-02-04 10:53:23,228 - util.py[DEBUG]: Restoring selinux mode for /var/lib/cloud/instances/i-02715b4d4f4853c6e/vendor-data2.txt (recursive=False)
2026-02-04 10:53:23,229 - util.py[DEBUG]: Writing to /var/lib/cloud/instances/i-02715b4d4f4853c6e/vendor-data2.txt.i - wb: [600] 308 bytes
2026-02-04 10:53:23,230 - util.py[DEBUG]: Restoring selinux mode for /var/lib/cloud/instances/i-02715b4d4f4853c6e/vendor-data2.txt.i (recursive=False)
2026-02-04 10:53:23,231 - util.py[DEBUG]: Restoring selinux mode for /var/lib/cloud/instances/i-02715b4d4f4853c6e/vendor-data2.txt.i (recursive=False)
2026-02-04 10:53:23,231 - stages.py[DEBUG]: Using distro class <class 'cloudinit.distros.amazon.Distro'>
2026-02-04 10:53:23,232 - cc_set_hostname.py[DEBUG]: Setting the hostname to ip-10-16-3-35.eu-central-1.compute.internal (ip-10-16-3-35)
2026-02-04 10:53:23,232 - subp.py[DEBUG]: Running command ['hostnamectl', 'set-hostname', 'ip-10-16-3-35.eu-central-1.compute.internal'] with allowed return codes [0] (shell=False, capture=True)
2026-02-04 10:53:23,332 - __init__.py[DEBUG]: Non-persistently setting the system hostname to ip-10-16-3-35.eu-central-1.compute.internal
2026-02-04 10:53:23,332 - subp.py[DEBUG]: Running command ['hostname', 'ip-10-16-3-35.eu-central-1.compute.internal'] with allowed return codes [0] (shell=False, capture=True)
2026-02-04 10:53:23,337 - atomic_helper.py[DEBUG]: Atomically writing to file /var/lib/cloud/data/set-hostname (via temporary file /var/lib/cloud/data/tmpa9uryqq3) - w: [644] 89 bytes/chars
2026-02-04 10:53:23,337 - util.py[DEBUG]: Writing to /var/lib/cloud/instances/i-02715b4d4f4853c6e/sem/consume_data - wb: [644] 25 bytes
2026-02-04 10:53:23,338 - util.py[DEBUG]: Restoring selinux mode for /var/lib/cloud/instances/i-02715b4d4f4853c6e/sem/consume_data (recursive=False)
2026-02-04 10:53:23,339 - util.py[DEBUG]: Restoring selinux mode for /var/lib/cloud/instances/i-02715b4d4f4853c6e/sem/consume_data (recursive=False)
2026-02-04 10:53:23,340 - helpers.py[DEBUG]: Running consume_data using lock (<FileLock using file '/var/lib/cloud/instances/i-02715b4d4f4853c6e/sem/consume_data'>)
2026-02-04 10:53:23,340 - handlers.py[DEBUG]: start: init-network/consume-user-data: reading and applying user-data
2026-02-04 10:53:23,340 - launch_index.py[DEBUG]: Discarding 0 multipart messages which do not match launch index 0
2026-02-04 10:53:23,341 - stages.py[DEBUG]: Added default handler for {'text/cloud-config-jsonp', 'text/cloud-config'} from CloudConfigPartHandler: [['text/cloud-config', 'text/cloud-config-jsonp']]
2026-02-04 10:53:23,341 - stages.py[DEBUG]: Added default handler for {'text/x-shellscript'} from ShellScriptPartHandler: [['text/x-shellscript']]
2026-02-04 10:53:23,341 - stages.py[DEBUG]: Added default handler for {'text/x-shellscript-per-boot'} from ShellScriptByFreqPartHandler: [['text/x-shellscript-per-boot']]
2026-02-04 10:53:23,341 - stages.py[DEBUG]: Added default handler for {'text/x-shellscript-per-instance'} from ShellScriptByFreqPartHandler: [['text/x-shellscript-per-instance']]
2026-02-04 10:53:23,341 - stages.py[DEBUG]: Added default handler for {'text/x-shellscript-per-once'} from ShellScriptByFreqPartHandler: [['text/x-shellscript-per-once']]
2026-02-04 10:53:23,341 - stages.py[DEBUG]: Added default handler for {'text/cloud-boothook'} from BootHookPartHandler: [['text/cloud-boothook']]
2026-02-04 10:53:23,341 - stages.py[DEBUG]: Added default handler for {'text/jinja2'} from JinjaTemplatePartHandler: [['text/jinja2']]
2026-02-04 10:53:23,341 - __init__.py[DEBUG]: Calling handler CloudConfigPartHandler: [['text/cloud-config', 'text/cloud-config-jsonp']] (__begin__, None, 3) with frequency once-per-instance
2026-02-04 10:53:23,341 - __init__.py[DEBUG]: Calling handler ShellScriptPartHandler: [['text/x-shellscript']] (__begin__, None, 2) with frequency once-per-instance
2026-02-04 10:53:23,341 - __init__.py[DEBUG]: Calling handler ShellScriptByFreqPartHandler: [['text/x-shellscript-per-boot']] (__begin__, None, 2) with frequency once-per-instance
2026-02-04 10:53:23,341 - __init__.py[DEBUG]: Calling handler ShellScriptByFreqPartHandler: [['text/x-shellscript-per-instance']] (__begin__, None, 2) with frequency once-per-instance
2026-02-04 10:53:23,341 - __init__.py[DEBUG]: Calling handler ShellScriptByFreqPartHandler: [['text/x-shellscript-per-once']] (__begin__, None, 2) with frequency once-per-instance
2026-02-04 10:53:23,341 - __init__.py[DEBUG]: Calling handler BootHookPartHandler: [['text/cloud-boothook']] (__begin__, None, 2) with frequency once-per-instance
2026-02-04 10:53:23,341 - __init__.py[DEBUG]: Calling handler JinjaTemplatePartHandler: [['text/jinja2']] (__begin__, None, 3) with frequency once-per-instance
2026-02-04 10:53:23,342 - __init__.py[DEBUG]: {'MIME-Version': '1.0', 'Content-Type': 'text/x-shellscript', 'Content-Disposition': 'attachment; filename="part-001"'}
2026-02-04 10:53:23,342 - __init__.py[DEBUG]: Calling handler ShellScriptPartHandler: [['text/x-shellscript']] (text/x-shellscript, part-001, 2) with frequency once-per-instance
2026-02-04 10:53:23,342 - util.py[DEBUG]: Writing to /var/lib/cloud/instance/scripts/part-001 - wb: [700] 2597 bytes
2026-02-04 10:53:23,342 - util.py[DEBUG]: Restoring selinux mode for /var/lib/cloud/instances/i-02715b4d4f4853c6e/scripts/part-001 (recursive=False)
2026-02-04 10:53:23,343 - util.py[DEBUG]: Restoring selinux mode for /var/lib/cloud/instances/i-02715b4d4f4853c6e/scripts/part-001 (recursive=False)
2026-02-04 10:53:23,343 - __init__.py[DEBUG]: Calling handler CloudConfigPartHandler: [['text/cloud-config', 'text/cloud-config-jsonp']] (__end__, None, 3) with frequency once-per-instance
2026-02-04 10:53:23,343 - util.py[DEBUG]: Writing to /var/lib/cloud/instances/i-02715b4d4f4853c6e/cloud-config.txt - wb: [600] 0 bytes
2026-02-04 10:53:23,344 - util.py[DEBUG]: Restoring selinux mode for /var/lib/cloud/instances/i-02715b4d4f4853c6e/cloud-config.txt (recursive=False)
2026-02-04 10:53:23,345 - util.py[DEBUG]: Restoring selinux mode for /var/lib/cloud/instances/i-02715b4d4f4853c6e/cloud-config.txt (recursive=False)
2026-02-04 10:53:23,345 - __init__.py[DEBUG]: Calling handler ShellScriptPartHandler: [['text/x-shellscript']] (__end__, None, 2) with frequency once-per-instance
2026-02-04 10:53:23,345 - __init__.py[DEBUG]: Calling handler ShellScriptByFreqPartHandler: [['text/x-shellscript-per-boot']] (__end__, None, 2) with frequency once-per-instance
2026-02-04 10:53:23,345 - __init__.py[DEBUG]: Calling handler ShellScriptByFreqPartHandler: [['text/x-shellscript-per-instance']] (__end__, None, 2) with frequency once-per-instance
2026-02-04 10:53:23,345 - __init__.py[DEBUG]: Calling handler ShellScriptByFreqPartHandler: [['text/x-shellscript-per-once']] (__end__, None, 2) with frequency once-per-instance
2026-02-04 10:53:23,345 - __init__.py[DEBUG]: Calling handler BootHookPartHandler: [['text/cloud-boothook']] (__end__, None, 2) with frequency once-per-instance
2026-02-04 10:53:23,345 - __init__.py[DEBUG]: Calling handler JinjaTemplatePartHandler: [['text/jinja2']] (__end__, None, 3) with frequency once-per-instance
2026-02-04 10:53:23,345 - handlers.py[DEBUG]: finish: init-network/consume-user-data: SUCCESS: reading and applying user-data
2026-02-04 10:53:23,345 - handlers.py[DEBUG]: start: init-network/consume-vendor-data: reading and applying vendor-data
2026-02-04 10:53:23,345 - stages.py[DEBUG]: no vendordata from datasource
2026-02-04 10:53:23,345 - handlers.py[DEBUG]: finish: init-network/consume-vendor-data: SUCCESS: reading and applying vendor-data
2026-02-04 10:53:23,345 - handlers.py[DEBUG]: start: init-network/consume-vendor-data2: reading and applying vendor-data2
2026-02-04 10:53:23,345 - stages.py[DEBUG]: no vendordata2 from datasource
2026-02-04 10:53:23,345 - handlers.py[DEBUG]: finish: init-network/consume-vendor-data2: SUCCESS: reading and applying vendor-data2
2026-02-04 10:53:23,346 - util.py[DEBUG]: Reading from /etc/cloud/cloud.cfg (quiet=False)
2026-02-04 10:53:23,346 - util.py[DEBUG]: Read 2553 bytes from /etc/cloud/cloud.cfg
2026-02-04 10:53:23,346 - util.py[DEBUG]: Attempting to load yaml from string of length 2553 with allowed root types (<class 'dict'>,)
2026-02-04 10:53:23,353 - util.py[DEBUG]: Reading from /etc/cloud/cloud.cfg.d/40_selinux-reboot.cfg (quiet=False)
2026-02-04 10:53:23,353 - util.py[DEBUG]: Read 174 bytes from /etc/cloud/cloud.cfg.d/40_selinux-reboot.cfg
2026-02-04 10:53:23,353 - util.py[DEBUG]: Attempting to load yaml from string of length 174 with allowed root types (<class 'dict'>,)
2026-02-04 10:53:23,354 - util.py[DEBUG]: Reading from /etc/cloud/cloud.cfg.d/10_aws_dnfvars.cfg (quiet=False)
2026-02-04 10:53:23,354 - util.py[DEBUG]: Read 593 bytes from /etc/cloud/cloud.cfg.d/10_aws_dnfvars.cfg
2026-02-04 10:53:23,354 - util.py[DEBUG]: Attempting to load yaml from string of length 593 with allowed root types (<class 'dict'>,)
2026-02-04 10:53:23,355 - util.py[DEBUG]: Reading from /etc/cloud/cloud.cfg.d/05_logging.cfg (quiet=False)
2026-02-04 10:53:23,355 - util.py[DEBUG]: Read 2070 bytes from /etc/cloud/cloud.cfg.d/05_logging.cfg
2026-02-04 10:53:23,355 - util.py[DEBUG]: Attempting to load yaml from string of length 2070 with allowed root types (<class 'dict'>,)
2026-02-04 10:53:23,358 - util.py[DEBUG]: Reading from /etc/cloud/cloud.cfg.d/01_amazon-ec2.cfg (quiet=False)
2026-02-04 10:53:23,358 - util.py[DEBUG]: Read 237 bytes from /etc/cloud/cloud.cfg.d/01_amazon-ec2.cfg
2026-02-04 10:53:23,358 - util.py[DEBUG]: Attempting to load yaml from string of length 237 with allowed root types (<class 'dict'>,)
2026-02-04 10:53:23,360 - util.py[DEBUG]: Reading from /run/cloud-init/cloud.cfg (quiet=False)
2026-02-04 10:53:23,360 - util.py[DEBUG]: Attempting to load yaml from string of length 0 with allowed root types (<class 'dict'>,)
2026-02-04 10:53:23,360 - util.py[DEBUG]: loaded blob returned None, returning default.
2026-02-04 10:53:23,360 - util.py[DEBUG]: Reading from /var/lib/cloud/instance/cloud-config.txt (quiet=False)
2026-02-04 10:53:23,360 - util.py[DEBUG]: Read 0 bytes from /var/lib/cloud/instance/cloud-config.txt
2026-02-04 10:53:23,360 - util.py[DEBUG]: Attempting to load yaml from string of length 0 with allowed root types (<class 'dict'>,)
2026-02-04 10:53:23,360 - util.py[DEBUG]: loaded blob returned None, returning default.
2026-02-04 10:53:23,360 - util.py[DEBUG]: Reading from /usr/lib/python3.9/site-packages/cloudinit/config/schemas/schema-cloud-config-v1.json (quiet=False)
2026-02-04 10:53:23,361 - util.py[DEBUG]: Read 102081 bytes from /usr/lib/python3.9/site-packages/cloudinit/config/schemas/schema-cloud-config-v1.json
2026-02-04 10:53:23,439 - util.py[DEBUG]: Reading from /var/lib/cloud/instance/cloud-config.txt (quiet=False)
2026-02-04 10:53:23,439 - util.py[DEBUG]: Read 0 bytes from /var/lib/cloud/instance/cloud-config.txt
2026-02-04 10:53:23,439 - util.py[DEBUG]: Attempting to load yaml from string of length 0 with allowed root types (<class 'dict'>,)
2026-02-04 10:53:23,439 - util.py[DEBUG]: loaded blob returned None, returning default.
2026-02-04 10:53:23,441 - handlers.py[DEBUG]: start: init-network/activate-datasource: activating datasource
2026-02-04 10:53:23,442 - util.py[DEBUG]: Writing to /var/lib/cloud/instance/obj.pkl - wb: [400] 16847 bytes
2026-02-04 10:53:23,443 - util.py[DEBUG]: Restoring selinux mode for /var/lib/cloud/instances/i-02715b4d4f4853c6e/obj.pkl (recursive=False)
2026-02-04 10:53:23,444 - util.py[DEBUG]: Restoring selinux mode for /var/lib/cloud/instances/i-02715b4d4f4853c6e/obj.pkl (recursive=False)
2026-02-04 10:53:23,444 - handlers.py[DEBUG]: finish: init-network/activate-datasource: SUCCESS: activating datasource
2026-02-04 10:53:23,444 - main.py[DEBUG]: no di_report found in config.
2026-02-04 10:53:23,446 - util.py[DEBUG]: Reading from /usr/lib/python3.9/site-packages/cloudinit/config/schemas/schema-cloud-config-v1.json (quiet=False)
2026-02-04 10:53:23,447 - util.py[DEBUG]: Read 102081 bytes from /usr/lib/python3.9/site-packages/cloudinit/config/schemas/schema-cloud-config-v1.json
2026-02-04 10:53:23,449 - util.py[DEBUG]: Reading from /usr/lib/python3.9/site-packages/cloudinit/config/schemas/schema-cloud-config-v1.json (quiet=False)
2026-02-04 10:53:23,449 - util.py[DEBUG]: Read 102081 bytes from /usr/lib/python3.9/site-packages/cloudinit/config/schemas/schema-cloud-config-v1.json
2026-02-04 10:53:23,453 - util.py[DEBUG]: Reading from /usr/lib/python3.9/site-packages/cloudinit/config/schemas/schema-cloud-config-v1.json (quiet=False)
2026-02-04 10:53:23,453 - util.py[DEBUG]: Read 102081 bytes from /usr/lib/python3.9/site-packages/cloudinit/config/schemas/schema-cloud-config-v1.json
2026-02-04 10:53:23,456 - util.py[DEBUG]: Reading from /usr/lib/python3.9/site-packages/cloudinit/config/schemas/schema-cloud-config-v1.json (quiet=False)
2026-02-04 10:53:23,456 - util.py[DEBUG]: Read 102081 bytes from /usr/lib/python3.9/site-packages/cloudinit/config/schemas/schema-cloud-config-v1.json
2026-02-04 10:53:23,458 - util.py[DEBUG]: Reading from /usr/lib/python3.9/site-packages/cloudinit/config/schemas/schema-cloud-config-v1.json (quiet=False)
2026-02-04 10:53:23,458 - util.py[DEBUG]: Read 102081 bytes from /usr/lib/python3.9/site-packages/cloudinit/config/schemas/schema-cloud-config-v1.json
2026-02-04 10:53:23,462 - util.py[DEBUG]: Reading from /usr/lib/python3.9/site-packages/cloudinit/config/schemas/schema-cloud-config-v1.json (quiet=False)
2026-02-04 10:53:23,462 - util.py[DEBUG]: Read 102081 bytes from /usr/lib/python3.9/site-packages/cloudinit/config/schemas/schema-cloud-config-v1.json
2026-02-04 10:53:23,466 - util.py[DEBUG]: Reading from /usr/lib/python3.9/site-packages/cloudinit/config/schemas/schema-cloud-config-v1.json (quiet=False)
2026-02-04 10:53:23,466 - util.py[DEBUG]: Read 102081 bytes from /usr/lib/python3.9/site-packages/cloudinit/config/schemas/schema-cloud-config-v1.json
2026-02-04 10:53:23,471 - util.py[DEBUG]: Reading from /usr/lib/python3.9/site-packages/cloudinit/config/schemas/schema-cloud-config-v1.json (quiet=False)
2026-02-04 10:53:23,471 - util.py[DEBUG]: Read 102081 bytes from /usr/lib/python3.9/site-packages/cloudinit/config/schemas/schema-cloud-config-v1.json
2026-02-04 10:53:23,474 - util.py[DEBUG]: Reading from /usr/lib/python3.9/site-packages/cloudinit/config/schemas/schema-cloud-config-v1.json (quiet=False)
2026-02-04 10:53:23,475 - util.py[DEBUG]: Read 102081 bytes from /usr/lib/python3.9/site-packages/cloudinit/config/schemas/schema-cloud-config-v1.json
2026-02-04 10:53:23,477 - util.py[DEBUG]: Reading from /usr/lib/python3.9/site-packages/cloudinit/config/schemas/schema-cloud-config-v1.json (quiet=False)
2026-02-04 10:53:23,478 - util.py[DEBUG]: Read 102081 bytes from /usr/lib/python3.9/site-packages/cloudinit/config/schemas/schema-cloud-config-v1.json
2026-02-04 10:53:23,480 - util.py[DEBUG]: Reading from /usr/lib/python3.9/site-packages/cloudinit/config/schemas/schema-cloud-config-v1.json (quiet=False)
2026-02-04 10:53:23,480 - util.py[DEBUG]: Read 102081 bytes from /usr/lib/python3.9/site-packages/cloudinit/config/schemas/schema-cloud-config-v1.json
2026-02-04 10:53:23,483 - util.py[DEBUG]: Reading from /usr/lib/python3.9/site-packages/cloudinit/config/schemas/schema-cloud-config-v1.json (quiet=False)
2026-02-04 10:53:23,483 - util.py[DEBUG]: Read 102081 bytes from /usr/lib/python3.9/site-packages/cloudinit/config/schemas/schema-cloud-config-v1.json
2026-02-04 10:53:23,485 - util.py[DEBUG]: Reading from /usr/lib/python3.9/site-packages/cloudinit/config/schemas/schema-cloud-config-v1.json (quiet=False)
2026-02-04 10:53:23,485 - util.py[DEBUG]: Read 102081 bytes from /usr/lib/python3.9/site-packages/cloudinit/config/schemas/schema-cloud-config-v1.json
2026-02-04 10:53:23,488 - util.py[DEBUG]: Reading from /usr/lib/python3.9/site-packages/cloudinit/config/schemas/schema-cloud-config-v1.json (quiet=False)
2026-02-04 10:53:23,489 - util.py[DEBUG]: Read 102081 bytes from /usr/lib/python3.9/site-packages/cloudinit/config/schemas/schema-cloud-config-v1.json
2026-02-04 10:53:23,492 - util.py[DEBUG]: Reading from /usr/lib/python3.9/site-packages/cloudinit/config/schemas/schema-cloud-config-v1.json (quiet=False)
2026-02-04 10:53:23,493 - util.py[DEBUG]: Read 102081 bytes from /usr/lib/python3.9/site-packages/cloudinit/config/schemas/schema-cloud-config-v1.json
2026-02-04 10:53:23,496 - util.py[DEBUG]: Reading from /usr/lib/python3.9/site-packages/cloudinit/config/schemas/schema-cloud-config-v1.json (quiet=False)
2026-02-04 10:53:23,496 - util.py[DEBUG]: Read 102081 bytes from /usr/lib/python3.9/site-packages/cloudinit/config/schemas/schema-cloud-config-v1.json
2026-02-04 10:53:23,498 - stages.py[DEBUG]: Using distro class <class 'cloudinit.distros.amazon.Distro'>
2026-02-04 10:53:23,499 - modules.py[DEBUG]: Running module migrator (<module 'cloudinit.config.cc_migrator' from '/usr/lib/python3.9/site-packages/cloudinit/config/cc_migrator.py'>) with frequency always
2026-02-04 10:53:23,499 - handlers.py[DEBUG]: start: init-network/config-migrator: running config-migrator with frequency always
2026-02-04 10:53:23,499 - helpers.py[DEBUG]: Running config-migrator using lock (<cloudinit.helpers.DummyLock object at 0x7f5284835880>)
2026-02-04 10:53:23,499 - cc_migrator.py[DEBUG]: Migrated 0 semaphore files to there canonicalized names
2026-02-04 10:53:23,500 - handlers.py[DEBUG]: finish: init-network/config-migrator: SUCCESS: config-migrator ran successfully
2026-02-04 10:53:23,500 - modules.py[DEBUG]: Running module seed_random (<module 'cloudinit.config.cc_seed_random' from '/usr/lib/python3.9/site-packages/cloudinit/config/cc_seed_random.py'>) with frequency once-per-instance
2026-02-04 10:53:23,500 - handlers.py[DEBUG]: start: init-network/config-seed_random: running config-seed_random with frequency once-per-instance
2026-02-04 10:53:23,500 - util.py[DEBUG]: Writing to /var/lib/cloud/instances/i-02715b4d4f4853c6e/sem/config_seed_random - wb: [644] 24 bytes
2026-02-04 10:53:23,500 - util.py[DEBUG]: Restoring selinux mode for /var/lib/cloud/instances/i-02715b4d4f4853c6e/sem/config_seed_random (recursive=False)
2026-02-04 10:53:23,501 - util.py[DEBUG]: Restoring selinux mode for /var/lib/cloud/instances/i-02715b4d4f4853c6e/sem/config_seed_random (recursive=False)
2026-02-04 10:53:23,502 - helpers.py[DEBUG]: Running config-seed_random using lock (<FileLock using file '/var/lib/cloud/instances/i-02715b4d4f4853c6e/sem/config_seed_random'>)
2026-02-04 10:53:23,502 - cc_seed_random.py[DEBUG]: no command provided
2026-02-04 10:53:23,502 - handlers.py[DEBUG]: finish: init-network/config-seed_random: SUCCESS: config-seed_random ran successfully
2026-02-04 10:53:23,502 - modules.py[DEBUG]: Running module bootcmd (<module 'cloudinit.config.cc_bootcmd' from '/usr/lib/python3.9/site-packages/cloudinit/config/cc_bootcmd.py'>) with frequency always
2026-02-04 10:53:23,502 - handlers.py[DEBUG]: start: init-network/config-bootcmd: running config-bootcmd with frequency always
2026-02-04 10:53:23,502 - helpers.py[DEBUG]: Running config-bootcmd using lock (<cloudinit.helpers.DummyLock object at 0x7f5284835880>)
2026-02-04 10:53:23,502 - cc_bootcmd.py[DEBUG]: Skipping module named bootcmd, no 'bootcmd' key in configuration
2026-02-04 10:53:23,502 - handlers.py[DEBUG]: finish: init-network/config-bootcmd: SUCCESS: config-bootcmd ran successfully
2026-02-04 10:53:23,502 - modules.py[DEBUG]: Running module write-files (<module 'cloudinit.config.cc_write_files' from '/usr/lib/python3.9/site-packages/cloudinit/config/cc_write_files.py'>) with frequency once-per-instance
2026-02-04 10:53:23,502 - handlers.py[DEBUG]: start: init-network/config-write-files: running config-write-files with frequency once-per-instance
2026-02-04 10:53:23,503 - util.py[DEBUG]: Writing to /var/lib/cloud/instances/i-02715b4d4f4853c6e/sem/config_write_files - wb: [644] 24 bytes
2026-02-04 10:53:23,503 - util.py[DEBUG]: Restoring selinux mode for /var/lib/cloud/instances/i-02715b4d4f4853c6e/sem/config_write_files (recursive=False)
2026-02-04 10:53:23,504 - util.py[DEBUG]: Restoring selinux mode for /var/lib/cloud/instances/i-02715b4d4f4853c6e/sem/config_write_files (recursive=False)
2026-02-04 10:53:23,504 - helpers.py[DEBUG]: Running config-write-files using lock (<FileLock using file '/var/lib/cloud/instances/i-02715b4d4f4853c6e/sem/config_write_files'>)
2026-02-04 10:53:23,504 - cc_write_files.py[DEBUG]: Skipping module named write-files, no/empty 'write_files' key in configuration
2026-02-04 10:53:23,504 - handlers.py[DEBUG]: finish: init-network/config-write-files: SUCCESS: config-write-files ran successfully
2026-02-04 10:53:23,504 - modules.py[DEBUG]: Running module write-metadata (<module 'cloudinit.config.cc_write_metadata' from '/usr/lib/python3.9/site-packages/cloudinit/config/cc_write_metadata.py'>) with frequency once-per-instance
2026-02-04 10:53:23,505 - handlers.py[DEBUG]: start: init-network/config-write-metadata: running config-write-metadata with frequency once-per-instance
2026-02-04 10:53:23,505 - util.py[DEBUG]: Writing to /var/lib/cloud/instances/i-02715b4d4f4853c6e/sem/config_write_metadata - wb: [644] 24 bytes
2026-02-04 10:53:23,505 - util.py[DEBUG]: Restoring selinux mode for /var/lib/cloud/instances/i-02715b4d4f4853c6e/sem/config_write_metadata (recursive=False)
2026-02-04 10:53:23,506 - util.py[DEBUG]: Restoring selinux mode for /var/lib/cloud/instances/i-02715b4d4f4853c6e/sem/config_write_metadata (recursive=False)
2026-02-04 10:53:23,506 - helpers.py[DEBUG]: Running config-write-metadata using lock (<FileLock using file '/var/lib/cloud/instances/i-02715b4d4f4853c6e/sem/config_write_metadata'>)
2026-02-04 10:53:23,506 - util.py[DEBUG]: Writing to /etc/dnf/vars/awsregion - wb: [644] 12 bytes
2026-02-04 10:53:23,508 - util.py[DEBUG]: Restoring selinux mode for /etc/dnf/vars/awsregion (recursive=False)
2026-02-04 10:53:23,509 - util.py[DEBUG]: Restoring selinux mode for /etc/dnf/vars/awsregion (recursive=False)
2026-02-04 10:53:23,509 - util.py[DEBUG]: Changing the ownership of /etc/dnf/vars/awsregion to 0:0
2026-02-04 10:53:23,510 - util.py[DEBUG]: Writing to /etc/dnf/vars/awsdomain - wb: [644] 13 bytes
2026-02-04 10:53:23,510 - util.py[DEBUG]: Restoring selinux mode for /etc/dnf/vars/awsdomain (recursive=False)
2026-02-04 10:53:23,510 - util.py[DEBUG]: Restoring selinux mode for /etc/dnf/vars/awsdomain (recursive=False)
2026-02-04 10:53:23,511 - util.py[DEBUG]: Changing the ownership of /etc/dnf/vars/awsdomain to 0:0
2026-02-04 10:53:23,511 - handlers.py[DEBUG]: finish: init-network/config-write-metadata: SUCCESS: config-write-metadata ran successfully
2026-02-04 10:53:23,511 - modules.py[DEBUG]: Running module growpart (<module 'cloudinit.config.cc_growpart' from '/usr/lib/python3.9/site-packages/cloudinit/config/cc_growpart.py'>) with frequency always
2026-02-04 10:53:23,511 - handlers.py[DEBUG]: start: init-network/config-growpart: running config-growpart with frequency always
2026-02-04 10:53:23,511 - helpers.py[DEBUG]: Running config-growpart using lock (<cloudinit.helpers.DummyLock object at 0x7f5284835a90>)
2026-02-04 10:53:23,511 - cc_growpart.py[DEBUG]: No 'growpart' entry in cfg.  Using default: {'mode': 'auto', 'devices': ['/'], 'ignore_growroot_disabled': False}
2026-02-04 10:53:23,511 - subp.py[DEBUG]: Running command ['growpart', '--help'] with allowed return codes [0] (shell=False, capture=True)
2026-02-04 10:53:23,519 - util.py[DEBUG]: Reading from /proc/1784/mountinfo (quiet=False)
2026-02-04 10:53:23,519 - util.py[DEBUG]: Read 2842 bytes from /proc/1784/mountinfo
2026-02-04 10:53:23,520 - util.py[DEBUG]: Reading from /sys/class/block/nvme0n1p1/partition (quiet=False)
2026-02-04 10:53:23,520 - util.py[DEBUG]: Read 2 bytes from /sys/class/block/nvme0n1p1/partition
2026-02-04 10:53:23,520 - util.py[DEBUG]: Reading from /sys/devices/pci0000:00/0000:00:04.0/nvme/nvme0/nvme0n1/dev (quiet=False)
2026-02-04 10:53:23,520 - util.py[DEBUG]: Read 6 bytes from /sys/devices/pci0000:00/0000:00:04.0/nvme/nvme0/nvme0n1/dev
2026-02-04 10:53:23,520 - subp.py[DEBUG]: Running command ['growpart', '--dry-run', '/dev/nvme0n1', '1'] with allowed return codes [0] (shell=False, capture=True)
2026-02-04 10:53:23,579 - subp.py[DEBUG]: Running command ['growpart', '/dev/nvme0n1', '1'] with allowed return codes [0] (shell=False, capture=True)
2026-02-04 10:53:23,912 - util.py[DEBUG]: resize_devices took 0.393 seconds
2026-02-04 10:53:23,912 - cc_growpart.py[INFO]: '/' resized: changed (/dev/nvme0n1, 1) from 2134883840 to 21462236672
2026-02-04 10:53:23,912 - handlers.py[DEBUG]: finish: init-network/config-growpart: SUCCESS: config-growpart ran successfully
2026-02-04 10:53:23,912 - modules.py[DEBUG]: Running module resizefs (<module 'cloudinit.config.cc_resizefs' from '/usr/lib/python3.9/site-packages/cloudinit/config/cc_resizefs.py'>) with frequency always
2026-02-04 10:53:23,913 - handlers.py[DEBUG]: start: init-network/config-resizefs: running config-resizefs with frequency always
2026-02-04 10:53:23,913 - helpers.py[DEBUG]: Running config-resizefs using lock (<cloudinit.helpers.DummyLock object at 0x7f5284835880>)
2026-02-04 10:53:23,913 - util.py[DEBUG]: Reading from /proc/1784/mountinfo (quiet=False)
2026-02-04 10:53:23,913 - util.py[DEBUG]: Read 2842 bytes from /proc/1784/mountinfo
2026-02-04 10:53:23,913 - cc_resizefs.py[DEBUG]: resize_info: dev=/dev/nvme0n1p1 mnt_point=/ path=/
2026-02-04 10:53:23,913 - cc_resizefs.py[DEBUG]: Resizing / (xfs) using xfs_growfs /
2026-02-04 10:53:23,916 - subp.py[DEBUG]: Running command ('xfs_growfs', '/') with allowed return codes [0] (shell=False, capture=True)
2026-02-04 10:53:23,919 - util.py[DEBUG]: Forked child 1924 who will run callback log_time
2026-02-04 10:53:23,919 - cc_resizefs.py[DEBUG]: Resizing (via forking) root filesystem (type=xfs, val=noblock)
2026-02-04 10:53:23,920 - handlers.py[DEBUG]: finish: init-network/config-resizefs: SUCCESS: config-resizefs ran successfully
2026-02-04 10:53:23,920 - modules.py[DEBUG]: Running module disk_setup (<module 'cloudinit.config.cc_disk_setup' from '/usr/lib/python3.9/site-packages/cloudinit/config/cc_disk_setup.py'>) with frequency once-per-instance
2026-02-04 10:53:23,920 - handlers.py[DEBUG]: start: init-network/config-disk_setup: running config-disk_setup with frequency once-per-instance
2026-02-04 10:53:23,921 - util.py[DEBUG]: Writing to /var/lib/cloud/instances/i-02715b4d4f4853c6e/sem/config_disk_setup - wb: [644] 25 bytes
2026-02-04 10:53:23,922 - util.py[DEBUG]: Restoring selinux mode for /var/lib/cloud/instances/i-02715b4d4f4853c6e/sem/config_disk_setup (recursive=False)
2026-02-04 10:53:23,925 - util.py[DEBUG]: Restoring selinux mode for /var/lib/cloud/instances/i-02715b4d4f4853c6e/sem/config_disk_setup (recursive=False)
2026-02-04 10:53:23,926 - helpers.py[DEBUG]: Running config-disk_setup using lock (<FileLock using file '/var/lib/cloud/instances/i-02715b4d4f4853c6e/sem/config_disk_setup'>)
2026-02-04 10:53:23,926 - handlers.py[DEBUG]: finish: init-network/config-disk_setup: SUCCESS: config-disk_setup ran successfully
2026-02-04 10:53:23,929 - modules.py[DEBUG]: Running module mounts (<module 'cloudinit.config.cc_mounts' from '/usr/lib/python3.9/site-packages/cloudinit/config/cc_mounts.py'>) with frequency once-per-instance
2026-02-04 10:53:23,929 - handlers.py[DEBUG]: start: init-network/config-mounts: running config-mounts with frequency once-per-instance
2026-02-04 10:53:23,929 - util.py[DEBUG]: Writing to /var/lib/cloud/instances/i-02715b4d4f4853c6e/sem/config_mounts - wb: [644] 25 bytes
2026-02-04 10:53:23,930 - util.py[DEBUG]: Restoring selinux mode for /var/lib/cloud/instances/i-02715b4d4f4853c6e/sem/config_mounts (recursive=False)
2026-02-04 10:53:23,931 - util.py[DEBUG]: Restoring selinux mode for /var/lib/cloud/instances/i-02715b4d4f4853c6e/sem/config_mounts (recursive=False)
2026-02-04 10:53:23,932 - helpers.py[DEBUG]: Running config-mounts using lock (<FileLock using file '/var/lib/cloud/instances/i-02715b4d4f4853c6e/sem/config_mounts'>)
2026-02-04 10:53:23,932 - cc_mounts.py[DEBUG]: mounts configuration is []
2026-02-04 10:53:23,933 - util.py[DEBUG]: Reading from /etc/fstab (quiet=False)
2026-02-04 10:53:23,933 - util.py[DEBUG]: Read 217 bytes from /etc/fstab
2026-02-04 10:53:23,933 - cc_mounts.py[DEBUG]: Attempting to determine the real name of ephemeral0
2026-02-04 10:53:23,933 - DataSourceEc2.py[DEBUG]: Unable to convert ephemeral0 to a device
2026-02-04 10:53:23,933 - cc_mounts.py[DEBUG]: changed default device ephemeral0 => None
2026-02-04 10:53:23,933 - cc_mounts.py[DEBUG]: Ignoring nonexistent default named mount ephemeral0
2026-02-04 10:53:23,933 - cc_mounts.py[DEBUG]: Attempting to determine the real name of swap
2026-02-04 10:53:23,933 - DataSourceEc2.py[DEBUG]: Unable to convert swap to a device
2026-02-04 10:53:23,933 - cc_mounts.py[DEBUG]: changed default device swap => None
2026-02-04 10:53:23,933 - cc_mounts.py[DEBUG]: Ignoring nonexistent default named mount swap
2026-02-04 10:53:23,933 - cc_mounts.py[DEBUG]: no need to setup swap
2026-02-04 10:53:23,933 - cc_mounts.py[DEBUG]: No modifications to fstab needed
2026-02-04 10:53:23,934 - handlers.py[DEBUG]: finish: init-network/config-mounts: SUCCESS: config-mounts ran successfully
2026-02-04 10:53:23,934 - modules.py[DEBUG]: Running module set_hostname (<module 'cloudinit.config.cc_set_hostname' from '/usr/lib/python3.9/site-packages/cloudinit/config/cc_set_hostname.py'>) with frequency always
2026-02-04 10:53:23,934 - handlers.py[DEBUG]: start: init-network/config-set_hostname: running config-set_hostname with frequency always
2026-02-04 10:53:23,934 - helpers.py[DEBUG]: Running config-set_hostname using lock (<cloudinit.helpers.DummyLock object at 0x7f5284835d00>)
2026-02-04 10:53:23,934 - util.py[DEBUG]: Reading from /var/lib/cloud/data/set-hostname (quiet=False)
2026-02-04 10:53:23,935 - util.py[DEBUG]: Read 89 bytes from /var/lib/cloud/data/set-hostname
2026-02-04 10:53:23,935 - cc_set_hostname.py[DEBUG]: No hostname changes. Skipping set-hostname
2026-02-04 10:53:23,935 - handlers.py[DEBUG]: finish: init-network/config-set_hostname: SUCCESS: config-set_hostname ran successfully
2026-02-04 10:53:23,935 - modules.py[DEBUG]: Running module update_hostname (<module 'cloudinit.config.cc_update_hostname' from '/usr/lib/python3.9/site-packages/cloudinit/config/cc_update_hostname.py'>) with frequency always
2026-02-04 10:53:23,935 - handlers.py[DEBUG]: start: init-network/config-update_hostname: running config-update_hostname with frequency always
2026-02-04 10:53:23,935 - helpers.py[DEBUG]: Running config-update_hostname using lock (<cloudinit.helpers.DummyLock object at 0x7f5284835a90>)
2026-02-04 10:53:23,936 - cc_update_hostname.py[DEBUG]: Updating hostname to ip-10-16-3-35.eu-central-1.compute.internal (ip-10-16-3-35)
2026-02-04 10:53:23,936 - subp.py[DEBUG]: Running command ['hostname'] with allowed return codes [0] (shell=False, capture=True)
2026-02-04 10:53:23,942 - __init__.py[DEBUG]: Attempting to update hostname to ip-10-16-3-35.eu-central-1.compute.internal in 1 files
2026-02-04 10:53:23,943 - util.py[DEBUG]: Writing to /var/lib/cloud/data/previous-hostname - wb: [644] 43 bytes
2026-02-04 10:53:23,944 - util.py[DEBUG]: Restoring selinux mode for /var/lib/cloud/data/previous-hostname (recursive=False)
2026-02-04 10:53:23,946 - util.py[DEBUG]: Restoring selinux mode for /var/lib/cloud/data/previous-hostname (recursive=False)
2026-02-04 10:53:23,947 - handlers.py[DEBUG]: finish: init-network/config-update_hostname: SUCCESS: config-update_hostname ran successfully
2026-02-04 10:53:23,947 - modules.py[DEBUG]: Running module update_etc_hosts (<module 'cloudinit.config.cc_update_etc_hosts' from '/usr/lib/python3.9/site-packages/cloudinit/config/cc_update_etc_hosts.py'>) with frequency always
2026-02-04 10:53:23,947 - handlers.py[DEBUG]: start: init-network/config-update_etc_hosts: running config-update_etc_hosts with frequency always
2026-02-04 10:53:23,948 - helpers.py[DEBUG]: Running config-update_etc_hosts using lock (<cloudinit.helpers.DummyLock object at 0x7f5284835d00>)
2026-02-04 10:53:23,948 - cc_update_etc_hosts.py[DEBUG]: Configuration option 'manage_etc_hosts' is not set, not managing /etc/hosts in module update_etc_hosts
2026-02-04 10:53:23,948 - handlers.py[DEBUG]: finish: init-network/config-update_etc_hosts: SUCCESS: config-update_etc_hosts ran successfully
2026-02-04 10:53:23,948 - modules.py[DEBUG]: Running module ca-certs (<module 'cloudinit.config.cc_ca_certs' from '/usr/lib/python3.9/site-packages/cloudinit/config/cc_ca_certs.py'>) with frequency once-per-instance
2026-02-04 10:53:23,948 - handlers.py[DEBUG]: start: init-network/config-ca-certs: running config-ca-certs with frequency once-per-instance
2026-02-04 10:53:23,948 - util.py[DEBUG]: Writing to /var/lib/cloud/instances/i-02715b4d4f4853c6e/sem/config_ca_certs - wb: [644] 25 bytes
2026-02-04 10:53:23,949 - util.py[DEBUG]: Restoring selinux mode for /var/lib/cloud/instances/i-02715b4d4f4853c6e/sem/config_ca_certs (recursive=False)
2026-02-04 10:53:23,950 - util.py[DEBUG]: Restoring selinux mode for /var/lib/cloud/instances/i-02715b4d4f4853c6e/sem/config_ca_certs (recursive=False)
2026-02-04 10:53:23,951 - helpers.py[DEBUG]: Running config-ca-certs using lock (<FileLock using file '/var/lib/cloud/instances/i-02715b4d4f4853c6e/sem/config_ca_certs'>)
2026-02-04 10:53:23,951 - cc_ca_certs.py[DEBUG]: Skipping module named ca-certs, no 'ca_certs' key in configuration
2026-02-04 10:53:23,951 - handlers.py[DEBUG]: finish: init-network/config-ca-certs: SUCCESS: config-ca-certs ran successfully
2026-02-04 10:53:23,951 - modules.py[DEBUG]: Running module rsyslog (<module 'cloudinit.config.cc_rsyslog' from '/usr/lib/python3.9/site-packages/cloudinit/config/cc_rsyslog.py'>) with frequency once-per-instance
2026-02-04 10:53:23,952 - handlers.py[DEBUG]: start: init-network/config-rsyslog: running config-rsyslog with frequency once-per-instance
2026-02-04 10:53:23,952 - util.py[DEBUG]: Writing to /var/lib/cloud/instances/i-02715b4d4f4853c6e/sem/config_rsyslog - wb: [644] 24 bytes
2026-02-04 10:53:23,953 - util.py[DEBUG]: Restoring selinux mode for /var/lib/cloud/instances/i-02715b4d4f4853c6e/sem/config_rsyslog (recursive=False)
2026-02-04 10:53:23,954 - util.py[DEBUG]: Restoring selinux mode for /var/lib/cloud/instances/i-02715b4d4f4853c6e/sem/config_rsyslog (recursive=False)
2026-02-04 10:53:23,955 - helpers.py[DEBUG]: Running config-rsyslog using lock (<FileLock using file '/var/lib/cloud/instances/i-02715b4d4f4853c6e/sem/config_rsyslog'>)
2026-02-04 10:53:23,955 - cc_rsyslog.py[DEBUG]: Skipping module named rsyslog, no 'rsyslog' key in configuration
2026-02-04 10:53:23,955 - handlers.py[DEBUG]: finish: init-network/config-rsyslog: SUCCESS: config-rsyslog ran successfully
2026-02-04 10:53:23,955 - modules.py[DEBUG]: Running module selinux (<module 'cloudinit.config.cc_selinux' from '/usr/lib/python3.9/site-packages/cloudinit/config/cc_selinux.py'>) with frequency once-per-instance
2026-02-04 10:53:23,955 - handlers.py[DEBUG]: start: init-network/config-selinux: running config-selinux with frequency once-per-instance
2026-02-04 10:53:23,955 - util.py[DEBUG]: Writing to /var/lib/cloud/instances/i-02715b4d4f4853c6e/sem/config_selinux - wb: [644] 25 bytes
2026-02-04 10:53:23,956 - util.py[DEBUG]: Restoring selinux mode for /var/lib/cloud/instances/i-02715b4d4f4853c6e/sem/config_selinux (recursive=False)
2026-02-04 10:53:23,958 - util.py[DEBUG]: Restoring selinux mode for /var/lib/cloud/instances/i-02715b4d4f4853c6e/sem/config_selinux (recursive=False)
2026-02-04 10:53:23,958 - helpers.py[DEBUG]: Running config-selinux using lock (<FileLock using file '/var/lib/cloud/instances/i-02715b4d4f4853c6e/sem/config_selinux'>)
2026-02-04 10:53:23,973 - cc_selinux.py[DEBUG]: Current SELinux state is enabled
2026-02-04 10:53:23,973 - cc_selinux.py[DEBUG]: Current SELinux mode is permissive
2026-02-04 10:53:23,973 - cc_selinux.py[DEBUG]: Configured SELinux mode is permissive
2026-02-04 10:53:23,973 - cc_selinux.py[DEBUG]: Current SELinux policy is targeted
2026-02-04 10:53:23,973 - cc_selinux.py[DEBUG]: No SELinux configuration, skipping
2026-02-04 10:53:23,973 - handlers.py[DEBUG]: finish: init-network/config-selinux: SUCCESS: config-selinux ran successfully
2026-02-04 10:53:23,973 - modules.py[DEBUG]: Running module users-groups (<module 'cloudinit.config.cc_users_groups' from '/usr/lib/python3.9/site-packages/cloudinit/config/cc_users_groups.py'>) with frequency once-per-instance
2026-02-04 10:53:23,973 - handlers.py[DEBUG]: start: init-network/config-users-groups: running config-users-groups with frequency once-per-instance
2026-02-04 10:53:23,974 - util.py[DEBUG]: Writing to /var/lib/cloud/instances/i-02715b4d4f4853c6e/sem/config_users_groups - wb: [644] 25 bytes
2026-02-04 10:53:23,974 - util.py[DEBUG]: Restoring selinux mode for /var/lib/cloud/instances/i-02715b4d4f4853c6e/sem/config_users_groups (recursive=False)
2026-02-04 10:53:23,976 - util.py[DEBUG]: Restoring selinux mode for /var/lib/cloud/instances/i-02715b4d4f4853c6e/sem/config_users_groups (recursive=False)
2026-02-04 10:53:23,976 - helpers.py[DEBUG]: Running config-users-groups using lock (<FileLock using file '/var/lib/cloud/instances/i-02715b4d4f4853c6e/sem/config_users_groups'>)
2026-02-04 10:53:23,977 - util.py[DEBUG]: Reading from /etc/os-release (quiet=True)
2026-02-04 10:53:23,977 - util.py[DEBUG]: Read 531 bytes from /etc/os-release
2026-02-04 10:53:23,977 - util.py[DEBUG]: Reading from /etc/system-image/channel.ini (quiet=True)
2026-02-04 10:53:23,977 - util.py[DEBUG]: Read 0 bytes from /etc/system-image/channel.ini
2026-02-04 10:53:23,978 - __init__.py[DEBUG]: Adding user ec2-user
2026-02-04 10:53:23,978 - subp.py[DEBUG]: Running hidden command to protect sensitive input/output logstring: ['useradd', 'ec2-user', '--comment', 'EC2 Default User', '--groups', 'adm,systemd-journal,wheel', '--shell', '/bin/bash', '-m']
2026-02-04 10:53:24,014 - util.py[DEBUG]: backgrounded Resizing took 0.098 seconds
2026-02-04 10:53:24,132 - subp.py[DEBUG]: Running command ['passwd', '-l', 'ec2-user'] with allowed return codes [0] (shell=False, capture=True)
2026-02-04 10:53:24,169 - util.py[DEBUG]: Reading from /etc/sudoers (quiet=False)
2026-02-04 10:53:24,170 - util.py[DEBUG]: Read 4375 bytes from /etc/sudoers
2026-02-04 10:53:24,172 - util.py[DEBUG]: Restoring selinux mode for /etc/sudoers.d (recursive=False)
2026-02-04 10:53:24,173 - util.py[DEBUG]: Writing to /etc/sudoers.d/90-cloud-init-users - wb: [440] 128 bytes
2026-02-04 10:53:24,173 - util.py[DEBUG]: Restoring selinux mode for /etc/sudoers.d/90-cloud-init-users (recursive=False)
2026-02-04 10:53:24,174 - util.py[DEBUG]: Restoring selinux mode for /etc/sudoers.d/90-cloud-init-users (recursive=False)
2026-02-04 10:53:24,174 - handlers.py[DEBUG]: finish: init-network/config-users-groups: SUCCESS: config-users-groups ran successfully
2026-02-04 10:53:24,174 - modules.py[DEBUG]: Running module ssh (<module 'cloudinit.config.cc_ssh' from '/usr/lib/python3.9/site-packages/cloudinit/config/cc_ssh.py'>) with frequency once-per-instance
2026-02-04 10:53:24,175 - handlers.py[DEBUG]: start: init-network/config-ssh: running config-ssh with frequency once-per-instance
2026-02-04 10:53:24,175 - util.py[DEBUG]: Writing to /var/lib/cloud/instances/i-02715b4d4f4853c6e/sem/config_ssh - wb: [644] 25 bytes
2026-02-04 10:53:24,175 - util.py[DEBUG]: Restoring selinux mode for /var/lib/cloud/instances/i-02715b4d4f4853c6e/sem/config_ssh (recursive=False)
2026-02-04 10:53:24,176 - util.py[DEBUG]: Restoring selinux mode for /var/lib/cloud/instances/i-02715b4d4f4853c6e/sem/config_ssh (recursive=False)
2026-02-04 10:53:24,177 - helpers.py[DEBUG]: Running config-ssh using lock (<FileLock using file '/var/lib/cloud/instances/i-02715b4d4f4853c6e/sem/config_ssh'>)
2026-02-04 10:53:24,177 - subp.py[DEBUG]: Running command ['ssh-keygen', '-t', 'ed25519', '-N', '', '-f', '/etc/ssh/ssh_host_ed25519_key'] with allowed return codes [0] (shell=False, capture=True)
2026-02-04 10:53:24,192 - util.py[DEBUG]: Restoring selinux mode for /etc/ssh (recursive=True)
2026-02-04 10:53:24,199 - subp.py[DEBUG]: Running command ['ssh-keygen', '-t', 'ecdsa', '-N', '', '-f', '/etc/ssh/ssh_host_ecdsa_key'] with allowed return codes [0] (shell=False, capture=True)
2026-02-04 10:53:24,207 - util.py[DEBUG]: Restoring selinux mode for /etc/ssh (recursive=True)
2026-02-04 10:53:24,212 - util.py[DEBUG]: Reading from /etc/ssh/ssh_host_ed25519_key.pub (quiet=False)
2026-02-04 10:53:24,213 - util.py[DEBUG]: Read 130 bytes from /etc/ssh/ssh_host_ed25519_key.pub
2026-02-04 10:53:24,213 - util.py[DEBUG]: Reading from /etc/ssh/ssh_host_ecdsa_key.pub (quiet=False)
2026-02-04 10:53:24,213 - util.py[DEBUG]: Read 210 bytes from /etc/ssh/ssh_host_ecdsa_key.pub
2026-02-04 10:53:24,213 - util.py[DEBUG]: Reading from /etc/ssh/sshd_config (quiet=False)
2026-02-04 10:53:24,215 - util.py[DEBUG]: Read 3803 bytes from /etc/ssh/sshd_config
2026-02-04 10:53:24,218 - util.py[DEBUG]: Changing the ownership of /home/ec2-user/.ssh to 1000:1000
2026-02-04 10:53:24,219 - util.py[DEBUG]: Restoring selinux mode for /home/ec2-user/.ssh (recursive=False)
2026-02-04 10:53:24,219 - util.py[DEBUG]: Writing to /home/ec2-user/.ssh/authorized_keys - wb: [600] 0 bytes
2026-02-04 10:53:24,220 - util.py[DEBUG]: Restoring selinux mode for /home/ec2-user/.ssh/authorized_keys (recursive=False)
2026-02-04 10:53:24,220 - util.py[DEBUG]: Restoring selinux mode for /home/ec2-user/.ssh/authorized_keys (recursive=False)
2026-02-04 10:53:24,220 - util.py[DEBUG]: Changing the ownership of /home/ec2-user/.ssh/authorized_keys to 1000:1000
2026-02-04 10:53:24,220 - util.py[DEBUG]: Reading from /home/ec2-user/.ssh/authorized_keys (quiet=False)
2026-02-04 10:53:24,220 - util.py[DEBUG]: Read 0 bytes from /home/ec2-user/.ssh/authorized_keys
2026-02-04 10:53:24,220 - util.py[DEBUG]: Writing to /home/ec2-user/.ssh/authorized_keys - wb: [600] 0 bytes
2026-02-04 10:53:24,220 - util.py[DEBUG]: Restoring selinux mode for /home/ec2-user/.ssh/authorized_keys (recursive=False)
2026-02-04 10:53:24,221 - util.py[DEBUG]: Restoring selinux mode for /home/ec2-user/.ssh/authorized_keys (recursive=False)
2026-02-04 10:53:24,221 - util.py[DEBUG]: Restoring selinux mode for /home/ec2-user/.ssh (recursive=True)
2026-02-04 10:53:24,222 - util.py[DEBUG]: Reading from /etc/ssh/sshd_config (quiet=False)
2026-02-04 10:53:24,222 - util.py[DEBUG]: Read 3803 bytes from /etc/ssh/sshd_config
2026-02-04 10:53:24,222 - util.py[DEBUG]: Restoring selinux mode for /root/.ssh (recursive=True)
2026-02-04 10:53:24,224 - util.py[DEBUG]: Writing to /root/.ssh/authorized_keys - wb: [600] 0 bytes
2026-02-04 10:53:24,224 - util.py[DEBUG]: Restoring selinux mode for /root/.ssh/authorized_keys (recursive=False)
2026-02-04 10:53:24,224 - util.py[DEBUG]: Restoring selinux mode for /root/.ssh/authorized_keys (recursive=False)
2026-02-04 10:53:24,224 - util.py[DEBUG]: Changing the ownership of /root/.ssh/authorized_keys to 0:0
2026-02-04 10:53:24,224 - util.py[DEBUG]: Reading from /root/.ssh/authorized_keys (quiet=False)
2026-02-04 10:53:24,224 - util.py[DEBUG]: Read 0 bytes from /root/.ssh/authorized_keys
2026-02-04 10:53:24,224 - util.py[DEBUG]: Writing to /root/.ssh/authorized_keys - wb: [600] 0 bytes
2026-02-04 10:53:24,224 - util.py[DEBUG]: Restoring selinux mode for /root/.ssh/authorized_keys (recursive=False)
2026-02-04 10:53:24,225 - util.py[DEBUG]: Restoring selinux mode for /root/.ssh/authorized_keys (recursive=False)
2026-02-04 10:53:24,225 - util.py[DEBUG]: Restoring selinux mode for /root/.ssh (recursive=True)
2026-02-04 10:53:24,226 - handlers.py[DEBUG]: finish: init-network/config-ssh: SUCCESS: config-ssh ran successfully
2026-02-04 10:53:24,226 - main.py[DEBUG]: Ran 17 modules with 0 failures
2026-02-04 10:53:24,227 - atomic_helper.py[DEBUG]: Atomically writing to file /var/lib/cloud/data/status.json (via temporary file /var/lib/cloud/data/tmpitpx_7fs) - w: [644] 486 bytes/chars
2026-02-04 10:53:24,227 - util.py[DEBUG]: Reading from /proc/uptime (quiet=False)
2026-02-04 10:53:24,227 - util.py[DEBUG]: Read 10 bytes from /proc/uptime
2026-02-04 10:53:24,227 - util.py[DEBUG]: cloud-init mode 'init' took 1.433 seconds (1.44)
2026-02-04 10:53:24,227 - handlers.py[DEBUG]: finish: init-network: SUCCESS: searching for network datasources
2026-02-04 10:53:24,661 - util.py[DEBUG]: Cloud-init v. 22.2.2 running 'modules:config' at Wed, 04 Feb 2026 10:53:24 +0000. Up 7.29 seconds.
2026-02-04 10:53:24,663 - util.py[DEBUG]: Reading from /usr/lib/python3.9/site-packages/cloudinit/config/schemas/schema-cloud-config-v1.json (quiet=False)
2026-02-04 10:53:24,664 - util.py[DEBUG]: Read 102081 bytes from /usr/lib/python3.9/site-packages/cloudinit/config/schemas/schema-cloud-config-v1.json
2026-02-04 10:53:24,666 - util.py[DEBUG]: Reading from /usr/lib/python3.9/site-packages/cloudinit/config/schemas/schema-cloud-config-v1.json (quiet=False)
2026-02-04 10:53:24,666 - util.py[DEBUG]: Read 102081 bytes from /usr/lib/python3.9/site-packages/cloudinit/config/schemas/schema-cloud-config-v1.json
2026-02-04 10:53:24,669 - util.py[DEBUG]: Reading from /usr/lib/python3.9/site-packages/cloudinit/config/schemas/schema-cloud-config-v1.json (quiet=False)
2026-02-04 10:53:24,669 - util.py[DEBUG]: Read 102081 bytes from /usr/lib/python3.9/site-packages/cloudinit/config/schemas/schema-cloud-config-v1.json
2026-02-04 10:53:24,672 - util.py[DEBUG]: Reading from /usr/lib/python3.9/site-packages/cloudinit/config/schemas/schema-cloud-config-v1.json (quiet=False)
2026-02-04 10:53:24,673 - util.py[DEBUG]: Read 102081 bytes from /usr/lib/python3.9/site-packages/cloudinit/config/schemas/schema-cloud-config-v1.json
2026-02-04 10:53:24,675 - util.py[DEBUG]: Reading from /usr/lib/python3.9/site-packages/cloudinit/config/schemas/schema-cloud-config-v1.json (quiet=False)
2026-02-04 10:53:24,676 - util.py[DEBUG]: Read 102081 bytes from /usr/lib/python3.9/site-packages/cloudinit/config/schemas/schema-cloud-config-v1.json
2026-02-04 10:53:24,678 - util.py[DEBUG]: Reading from /usr/lib/python3.9/site-packages/cloudinit/config/schemas/schema-cloud-config-v1.json (quiet=False)
2026-02-04 10:53:24,678 - util.py[DEBUG]: Read 102081 bytes from /usr/lib/python3.9/site-packages/cloudinit/config/schemas/schema-cloud-config-v1.json
2026-02-04 10:53:24,681 - util.py[DEBUG]: Reading from /usr/lib/python3.9/site-packages/cloudinit/config/schemas/schema-cloud-config-v1.json (quiet=False)
2026-02-04 10:53:24,682 - util.py[DEBUG]: Read 102081 bytes from /usr/lib/python3.9/site-packages/cloudinit/config/schemas/schema-cloud-config-v1.json
2026-02-04 10:53:24,684 - util.py[DEBUG]: Reading from /usr/lib/python3.9/site-packages/cloudinit/config/schemas/schema-cloud-config-v1.json (quiet=False)
2026-02-04 10:53:24,684 - util.py[DEBUG]: Read 102081 bytes from /usr/lib/python3.9/site-packages/cloudinit/config/schemas/schema-cloud-config-v1.json
2026-02-04 10:53:24,687 - util.py[DEBUG]: Reading from /usr/lib/python3.9/site-packages/cloudinit/config/schemas/schema-cloud-config-v1.json (quiet=False)
2026-02-04 10:53:24,687 - util.py[DEBUG]: Read 102081 bytes from /usr/lib/python3.9/site-packages/cloudinit/config/schemas/schema-cloud-config-v1.json
2026-02-04 10:53:24,689 - util.py[DEBUG]: Reading from /usr/lib/python3.9/site-packages/cloudinit/config/schemas/schema-cloud-config-v1.json (quiet=False)
2026-02-04 10:53:24,689 - util.py[DEBUG]: Read 102081 bytes from /usr/lib/python3.9/site-packages/cloudinit/config/schemas/schema-cloud-config-v1.json
2026-02-04 10:53:24,690 - stages.py[DEBUG]: Using distro class <class 'cloudinit.distros.amazon.Distro'>
2026-02-04 10:53:24,691 - modules.py[INFO]: Skipping modules 'ssh-import-id' because they are not verified on distro 'amazon'.  To run anyway, add them to 'unverified_modules' in config.
2026-02-04 10:53:24,691 - modules.py[DEBUG]: Running module keyboard (<module 'cloudinit.config.cc_keyboard' from '/usr/lib/python3.9/site-packages/cloudinit/config/cc_keyboard.py'>) with frequency once-per-instance
2026-02-04 10:53:24,691 - handlers.py[DEBUG]: start: modules-config/config-keyboard: running config-keyboard with frequency once-per-instance
2026-02-04 10:53:24,691 - util.py[DEBUG]: Writing to /var/lib/cloud/instances/i-02715b4d4f4853c6e/sem/config_keyboard - wb: [644] 24 bytes
2026-02-04 10:53:24,693 - util.py[DEBUG]: Restoring selinux mode for /var/lib/cloud/instances/i-02715b4d4f4853c6e/sem/config_keyboard (recursive=False)
2026-02-04 10:53:24,695 - util.py[DEBUG]: Restoring selinux mode for /var/lib/cloud/instances/i-02715b4d4f4853c6e/sem/config_keyboard (recursive=False)
2026-02-04 10:53:24,696 - helpers.py[DEBUG]: Running config-keyboard using lock (<FileLock using file '/var/lib/cloud/instances/i-02715b4d4f4853c6e/sem/config_keyboard'>)
2026-02-04 10:53:24,696 - cc_keyboard.py[DEBUG]: Skipping module named keyboard, no 'keyboard' section found
2026-02-04 10:53:24,696 - handlers.py[DEBUG]: finish: modules-config/config-keyboard: SUCCESS: config-keyboard ran successfully
2026-02-04 10:53:24,696 - modules.py[DEBUG]: Running module locale (<module 'cloudinit.config.cc_locale' from '/usr/lib/python3.9/site-packages/cloudinit/config/cc_locale.py'>) with frequency once-per-instance
2026-02-04 10:53:24,696 - handlers.py[DEBUG]: start: modules-config/config-locale: running config-locale with frequency once-per-instance
2026-02-04 10:53:24,696 - util.py[DEBUG]: Writing to /var/lib/cloud/instances/i-02715b4d4f4853c6e/sem/config_locale - wb: [644] 25 bytes
2026-02-04 10:53:24,697 - util.py[DEBUG]: Restoring selinux mode for /var/lib/cloud/instances/i-02715b4d4f4853c6e/sem/config_locale (recursive=False)
2026-02-04 10:53:24,697 - util.py[DEBUG]: Restoring selinux mode for /var/lib/cloud/instances/i-02715b4d4f4853c6e/sem/config_locale (recursive=False)
2026-02-04 10:53:24,698 - helpers.py[DEBUG]: Running config-locale using lock (<FileLock using file '/var/lib/cloud/instances/i-02715b4d4f4853c6e/sem/config_locale'>)
2026-02-04 10:53:24,698 - util.py[DEBUG]: Reading from /etc/locale.conf (quiet=False)
2026-02-04 10:53:24,698 - util.py[DEBUG]: Read 81 bytes from /etc/locale.conf
2026-02-04 10:53:24,698 - cc_locale.py[DEBUG]: Setting locale to C.UTF-8
2026-02-04 10:53:24,698 - util.py[DEBUG]: Reading from /etc/locale.conf (quiet=False)
2026-02-04 10:53:24,698 - util.py[DEBUG]: Read 81 bytes from /etc/locale.conf
2026-02-04 10:53:24,698 - util.py[DEBUG]: Writing to /etc/locale.conf - wb: [644] 79 bytes
2026-02-04 10:53:24,700 - util.py[DEBUG]: Restoring selinux mode for /etc/locale.conf (recursive=False)
2026-02-04 10:53:24,702 - util.py[DEBUG]: Restoring selinux mode for /etc/locale.conf (recursive=False)
2026-02-04 10:53:24,702 - handlers.py[DEBUG]: finish: modules-config/config-locale: SUCCESS: config-locale ran successfully
2026-02-04 10:53:24,702 - modules.py[DEBUG]: Running module set-passwords (<module 'cloudinit.config.cc_set_passwords' from '/usr/lib/python3.9/site-packages/cloudinit/config/cc_set_passwords.py'>) with frequency once-per-instance
2026-02-04 10:53:24,703 - handlers.py[DEBUG]: start: modules-config/config-set-passwords: running config-set-passwords with frequency once-per-instance
2026-02-04 10:53:24,703 - util.py[DEBUG]: Writing to /var/lib/cloud/instances/i-02715b4d4f4853c6e/sem/config_set_passwords - wb: [644] 25 bytes
2026-02-04 10:53:24,703 - util.py[DEBUG]: Restoring selinux mode for /var/lib/cloud/instances/i-02715b4d4f4853c6e/sem/config_set_passwords (recursive=False)
2026-02-04 10:53:24,704 - util.py[DEBUG]: Restoring selinux mode for /var/lib/cloud/instances/i-02715b4d4f4853c6e/sem/config_set_passwords (recursive=False)
2026-02-04 10:53:24,704 - helpers.py[DEBUG]: Running config-set-passwords using lock (<FileLock using file '/var/lib/cloud/instances/i-02715b4d4f4853c6e/sem/config_set_passwords'>)
2026-02-04 10:53:24,704 - subp.py[DEBUG]: Running command ['systemctl', 'status', 'sshd'] with allowed return codes [0] (shell=False, capture=True)
2026-02-04 10:53:24,726 - util.py[DEBUG]: Reading from /etc/ssh/sshd_config (quiet=False)
2026-02-04 10:53:24,726 - util.py[DEBUG]: Read 3803 bytes from /etc/ssh/sshd_config
2026-02-04 10:53:24,727 - ssh_util.py[DEBUG]: line 67: option PasswordAuthentication already set to no
2026-02-04 10:53:24,727 - cc_set_passwords.py[DEBUG]: No need to restart SSH service, PasswordAuthentication not updated.
2026-02-04 10:53:24,727 - handlers.py[DEBUG]: finish: modules-config/config-set-passwords: SUCCESS: config-set-passwords ran successfully
2026-02-04 10:53:24,727 - modules.py[DEBUG]: Running module yum-variables (<module 'cloudinit.config.cc_yum_variables' from '/usr/lib/python3.9/site-packages/cloudinit/config/cc_yum_variables.py'>) with frequency once-per-instance
2026-02-04 10:53:24,727 - handlers.py[DEBUG]: start: modules-config/config-yum-variables: running config-yum-variables with frequency once-per-instance
2026-02-04 10:53:24,727 - util.py[DEBUG]: Writing to /var/lib/cloud/instances/i-02715b4d4f4853c6e/sem/config_yum_variables - wb: [644] 25 bytes
2026-02-04 10:53:24,728 - util.py[DEBUG]: Restoring selinux mode for /var/lib/cloud/instances/i-02715b4d4f4853c6e/sem/config_yum_variables (recursive=False)
2026-02-04 10:53:24,729 - util.py[DEBUG]: Restoring selinux mode for /var/lib/cloud/instances/i-02715b4d4f4853c6e/sem/config_yum_variables (recursive=False)
2026-02-04 10:53:24,730 - helpers.py[DEBUG]: Running config-yum-variables using lock (<FileLock using file '/var/lib/cloud/instances/i-02715b4d4f4853c6e/sem/config_yum_variables'>)
2026-02-04 10:53:24,730 - cc_yum_variables.py[INFO]: handling yum-variables
2026-02-04 10:53:24,730 - cc_yum_variables.py[INFO]: cfg = {'power_state': {'delay': 'now', 'mode': 'reboot', 'message': 'Rebooting machine to apply SELinux kernel commandline setting', 'condition': 'test -f /run/cloud-init-selinux-reboot'}, 'write_metadata': [{'path': '/etc/dnf/vars/awsregion', 'data': [{'identity': 'region'}, 'us-west-2']}, {'path': '/etc/dnf/vars/awsdomain', 'data': [{'metadata': 'services/domain'}, 'amazonaws.com']}], '_log': ['[loggers]\nkeys=root,cloudinit\n\n[handlers]\nkeys=consoleHandler,cloudLogHandler\n\n[formatters]\nkeys=simpleFormatter,arg0Formatter\n\n[logger_root]\nlevel=DEBUG\nhandlers=consoleHandler,cloudLogHandler\n\n[logger_cloudinit]\nlevel=DEBUG\nqualname=cloudinit\nhandlers=\npropagate=1\n\n[handler_consoleHandler]\nclass=StreamHandler\nlevel=WARNING\nformatter=arg0Formatter\nargs=(sys.stderr,)\n\n[formatter_arg0Formatter]\nformat=%(asctime)s - %(filename)s[%(levelname)s]: %(message)s\n\n[formatter_simpleFormatter]\nformat=[CLOUDINIT] %(filename)s[%(levelname)s]: %(message)s\n', "[handler_cloudLogHandler]\nclass=FileHandler\nlevel=DEBUG\nformatter=arg0Formatter\nargs=('/var/log/cloud-init.log', 'a', 'UTF-8')\n", '[handler_cloudLogHandler]\nclass=handlers.SysLogHandler\nlevel=DEBUG\nformatter=simpleFormatter\nargs=("/dev/log", handlers.SysLogHandler.LOG_USER)\n'], 'log_cfgs': [['[loggers]\nkeys=root,cloudinit\n\n[handlers]\nkeys=consoleHandler,cloudLogHandler\n\n[formatters]\nkeys=simpleFormatter,arg0Formatter\n\n[logger_root]\nlevel=DEBUG\nhandlers=consoleHandler,cloudLogHandler\n\n[logger_cloudinit]\nlevel=DEBUG\nqualname=cloudinit\nhandlers=\npropagate=1\n\n[handler_consoleHandler]\nclass=StreamHandler\nlevel=WARNING\nformatter=arg0Formatter\nargs=(sys.stderr,)\n\n[formatter_arg0Formatter]\nformat=%(asctime)s - %(filename)s[%(levelname)s]: %(message)s\n\n[formatter_simpleFormatter]\nformat=[CLOUDINIT] %(filename)s[%(levelname)s]: %(message)s\n', "[handler_cloudLogHandler]\nclass=FileHandler\nlevel=DEBUG\nformatter=arg0Formatter\nargs=('/var/log/cloud-init.log', 'a', 'UTF-8')\n"]], 'output': {'all': '| tee -a /var/log/cloud-init-output.log'}, 'network': {'config': 'disabled'}, 'datasource_list': ['Ec2', 'None'], 'datasource': {'Ec2': {'metadata_urls': ['http://169.254.169.254:80', 'http://[fd00:ec2::254]:80'], 'apply_full_imds_network_config': False}}, 'ssh_genkeytypes': ['ed25519', 'ecdsa'], 'users': ['default'], 'disable_root': True, 'mount_default_fields': [None, None, 'auto', 'defaults,nofail', '0', '2'], 'resize_rootfs': 'noblock', 'resize_rootfs_tmp': '/dev', 'ssh_pwauth': False, 'preserve_hostname': False, 'cloud_init_modules': ['migrator', 'seed_random', 'bootcmd', 'write-files', 'write-metadata', 'growpart', 'resizefs', 'disk_setup', 'mounts', 'set_hostname', 'update_hostname', 'update_etc_hosts', 'ca-certs', 'rsyslog', 'selinux', 'users-groups', 'ssh'], 'cloud_config_modules': ['ssh-import-id', 'keyboard', 'locale', 'set-passwords', 'yum-variables', 'yum-add-repo', 'ntp', 'timezone', 'disable-ec2-metadata', 'runcmd'], 'cloud_final_modules': ['package-update-upgrade-install', 'write-files-deferred', 'puppet', 'chef', 'mcollective', 'salt-minion', 'reset_rmc', 'refresh_rmc_and_interface', 'rightscale_userdata', 'scripts-vendor', 'scripts-per-once', 'scripts-per-boot', 'scripts-per-instance', 'scripts-user', 'ssh-authkey-fingerprints', 'keys-to-console', 'install-hotplug', 'phone-home', 'final-message', 'power-state-change'], 'def_log_file': '/var/log/cloud-init.log', 'syslog_fix_perms': ['syslog:adm', 'root:adm', 'root:wheel', 'root:root'], 'vendor_data': {'enabled': True, 'prefix': []}, 'vendor_data2': {'enabled': True, 'prefix': []}}
2026-02-04 10:53:24,730 - cc_yum_variables.py[INFO]: No yum vars to delete
2026-02-04 10:53:24,730 - cc_yum_variables.py[INFO]: No yum vars to set
2026-02-04 10:53:24,730 - handlers.py[DEBUG]: finish: modules-config/config-yum-variables: SUCCESS: config-yum-variables ran successfully
2026-02-04 10:53:24,730 - modules.py[DEBUG]: Running module yum-add-repo (<module 'cloudinit.config.cc_yum_add_repo' from '/usr/lib/python3.9/site-packages/cloudinit/config/cc_yum_add_repo.py'>) with frequency once-per-instance
2026-02-04 10:53:24,730 - handlers.py[DEBUG]: start: modules-config/config-yum-add-repo: running config-yum-add-repo with frequency once-per-instance
2026-02-04 10:53:24,730 - util.py[DEBUG]: Writing to /var/lib/cloud/instances/i-02715b4d4f4853c6e/sem/config_yum_add_repo - wb: [644] 25 bytes
2026-02-04 10:53:24,731 - util.py[DEBUG]: Restoring selinux mode for /var/lib/cloud/instances/i-02715b4d4f4853c6e/sem/config_yum_add_repo (recursive=False)
2026-02-04 10:53:24,731 - util.py[DEBUG]: Restoring selinux mode for /var/lib/cloud/instances/i-02715b4d4f4853c6e/sem/config_yum_add_repo (recursive=False)
2026-02-04 10:53:24,732 - helpers.py[DEBUG]: Running config-yum-add-repo using lock (<FileLock using file '/var/lib/cloud/instances/i-02715b4d4f4853c6e/sem/config_yum_add_repo'>)
2026-02-04 10:53:24,732 - cc_yum_add_repo.py[DEBUG]: Skipping module named yum-add-repo, no 'yum_repos' configuration found
2026-02-04 10:53:24,732 - handlers.py[DEBUG]: finish: modules-config/config-yum-add-repo: SUCCESS: config-yum-add-repo ran successfully
2026-02-04 10:53:24,732 - modules.py[DEBUG]: Running module ntp (<module 'cloudinit.config.cc_ntp' from '/usr/lib/python3.9/site-packages/cloudinit/config/cc_ntp.py'>) with frequency once-per-instance
2026-02-04 10:53:24,732 - handlers.py[DEBUG]: start: modules-config/config-ntp: running config-ntp with frequency once-per-instance
2026-02-04 10:53:24,732 - util.py[DEBUG]: Writing to /var/lib/cloud/instances/i-02715b4d4f4853c6e/sem/config_ntp - wb: [644] 24 bytes
2026-02-04 10:53:24,733 - util.py[DEBUG]: Restoring selinux mode for /var/lib/cloud/instances/i-02715b4d4f4853c6e/sem/config_ntp (recursive=False)
2026-02-04 10:53:24,733 - util.py[DEBUG]: Restoring selinux mode for /var/lib/cloud/instances/i-02715b4d4f4853c6e/sem/config_ntp (recursive=False)
2026-02-04 10:53:24,734 - helpers.py[DEBUG]: Running config-ntp using lock (<FileLock using file '/var/lib/cloud/instances/i-02715b4d4f4853c6e/sem/config_ntp'>)
2026-02-04 10:53:24,734 - cc_ntp.py[DEBUG]: Skipping module named ntp, not present or disabled by cfg
2026-02-04 10:53:24,734 - handlers.py[DEBUG]: finish: modules-config/config-ntp: SUCCESS: config-ntp ran successfully
2026-02-04 10:53:24,734 - modules.py[DEBUG]: Running module timezone (<module 'cloudinit.config.cc_timezone' from '/usr/lib/python3.9/site-packages/cloudinit/config/cc_timezone.py'>) with frequency once-per-instance
2026-02-04 10:53:24,734 - handlers.py[DEBUG]: start: modules-config/config-timezone: running config-timezone with frequency once-per-instance
2026-02-04 10:53:24,734 - util.py[DEBUG]: Writing to /var/lib/cloud/instances/i-02715b4d4f4853c6e/sem/config_timezone - wb: [644] 25 bytes
2026-02-04 10:53:24,735 - util.py[DEBUG]: Restoring selinux mode for /var/lib/cloud/instances/i-02715b4d4f4853c6e/sem/config_timezone (recursive=False)
2026-02-04 10:53:24,735 - util.py[DEBUG]: Restoring selinux mode for /var/lib/cloud/instances/i-02715b4d4f4853c6e/sem/config_timezone (recursive=False)
2026-02-04 10:53:24,736 - helpers.py[DEBUG]: Running config-timezone using lock (<FileLock using file '/var/lib/cloud/instances/i-02715b4d4f4853c6e/sem/config_timezone'>)
2026-02-04 10:53:24,736 - cc_timezone.py[DEBUG]: Skipping module named timezone, no 'timezone' specified
2026-02-04 10:53:24,736 - handlers.py[DEBUG]: finish: modules-config/config-timezone: SUCCESS: config-timezone ran successfully
2026-02-04 10:53:24,736 - modules.py[DEBUG]: Running module disable-ec2-metadata (<module 'cloudinit.config.cc_disable_ec2_metadata' from '/usr/lib/python3.9/site-packages/cloudinit/config/cc_disable_ec2_metadata.py'>) with frequency always
2026-02-04 10:53:24,736 - handlers.py[DEBUG]: start: modules-config/config-disable-ec2-metadata: running config-disable-ec2-metadata with frequency always
2026-02-04 10:53:24,736 - helpers.py[DEBUG]: Running config-disable-ec2-metadata using lock (<cloudinit.helpers.DummyLock object at 0x7f77384dd2e0>)
2026-02-04 10:53:24,736 - cc_disable_ec2_metadata.py[DEBUG]: Skipping module named disable-ec2-metadata, disabling the ec2 route not enabled
2026-02-04 10:53:24,736 - handlers.py[DEBUG]: finish: modules-config/config-disable-ec2-metadata: SUCCESS: config-disable-ec2-metadata ran successfully
2026-02-04 10:53:24,736 - modules.py[DEBUG]: Running module runcmd (<module 'cloudinit.config.cc_runcmd' from '/usr/lib/python3.9/site-packages/cloudinit/config/cc_runcmd.py'>) with frequency once-per-instance
2026-02-04 10:53:24,736 - handlers.py[DEBUG]: start: modules-config/config-runcmd: running config-runcmd with frequency once-per-instance
2026-02-04 10:53:24,736 - util.py[DEBUG]: Writing to /var/lib/cloud/instances/i-02715b4d4f4853c6e/sem/config_runcmd - wb: [644] 25 bytes
2026-02-04 10:53:24,737 - util.py[DEBUG]: Restoring selinux mode for /var/lib/cloud/instances/i-02715b4d4f4853c6e/sem/config_runcmd (recursive=False)
2026-02-04 10:53:24,737 - util.py[DEBUG]: Restoring selinux mode for /var/lib/cloud/instances/i-02715b4d4f4853c6e/sem/config_runcmd (recursive=False)
2026-02-04 10:53:24,738 - helpers.py[DEBUG]: Running config-runcmd using lock (<FileLock using file '/var/lib/cloud/instances/i-02715b4d4f4853c6e/sem/config_runcmd'>)
2026-02-04 10:53:24,738 - cc_runcmd.py[DEBUG]: Skipping module named runcmd, no 'runcmd' key in configuration
2026-02-04 10:53:24,738 - handlers.py[DEBUG]: finish: modules-config/config-runcmd: SUCCESS: config-runcmd ran successfully
2026-02-04 10:53:24,738 - main.py[DEBUG]: Ran 9 modules with 0 failures
2026-02-04 10:53:24,738 - atomic_helper.py[DEBUG]: Atomically writing to file /var/lib/cloud/data/status.json (via temporary file /var/lib/cloud/data/tmpy9klq6ei) - w: [644] 514 bytes/chars
2026-02-04 10:53:24,738 - util.py[DEBUG]: Reading from /proc/uptime (quiet=False)
2026-02-04 10:53:24,738 - util.py[DEBUG]: Read 10 bytes from /proc/uptime
2026-02-04 10:53:24,739 - util.py[DEBUG]: cloud-init mode 'modules' took 0.168 seconds (0.17)
2026-02-04 10:53:24,739 - handlers.py[DEBUG]: finish: modules-config: SUCCESS: running modules for config
2026-02-04 10:53:25,086 - util.py[DEBUG]: Cloud-init v. 22.2.2 running 'modules:final' at Wed, 04 Feb 2026 10:53:25 +0000. Up 7.72 seconds.
2026-02-04 10:53:25,088 - util.py[DEBUG]: Reading from /usr/lib/python3.9/site-packages/cloudinit/config/schemas/schema-cloud-config-v1.json (quiet=False)
2026-02-04 10:53:25,088 - util.py[DEBUG]: Read 102081 bytes from /usr/lib/python3.9/site-packages/cloudinit/config/schemas/schema-cloud-config-v1.json
2026-02-04 10:53:25,092 - util.py[DEBUG]: Reading from /usr/lib/python3.9/site-packages/cloudinit/config/schemas/schema-cloud-config-v1.json (quiet=False)
2026-02-04 10:53:25,092 - util.py[DEBUG]: Read 102081 bytes from /usr/lib/python3.9/site-packages/cloudinit/config/schemas/schema-cloud-config-v1.json
2026-02-04 10:53:25,095 - util.py[DEBUG]: Reading from /usr/lib/python3.9/site-packages/cloudinit/config/schemas/schema-cloud-config-v1.json (quiet=False)
2026-02-04 10:53:25,095 - util.py[DEBUG]: Read 102081 bytes from /usr/lib/python3.9/site-packages/cloudinit/config/schemas/schema-cloud-config-v1.json
2026-02-04 10:53:25,100 - util.py[DEBUG]: Reading from /usr/lib/python3.9/site-packages/cloudinit/config/schemas/schema-cloud-config-v1.json (quiet=False)
2026-02-04 10:53:25,100 - util.py[DEBUG]: Read 102081 bytes from /usr/lib/python3.9/site-packages/cloudinit/config/schemas/schema-cloud-config-v1.json
2026-02-04 10:53:25,103 - util.py[DEBUG]: Reading from /usr/lib/python3.9/site-packages/cloudinit/config/schemas/schema-cloud-config-v1.json (quiet=False)
2026-02-04 10:53:25,103 - util.py[DEBUG]: Read 102081 bytes from /usr/lib/python3.9/site-packages/cloudinit/config/schemas/schema-cloud-config-v1.json
2026-02-04 10:53:25,106 - util.py[DEBUG]: Reading from /usr/lib/python3.9/site-packages/cloudinit/config/schemas/schema-cloud-config-v1.json (quiet=False)
2026-02-04 10:53:25,106 - util.py[DEBUG]: Read 102081 bytes from /usr/lib/python3.9/site-packages/cloudinit/config/schemas/schema-cloud-config-v1.json
2026-02-04 10:53:25,110 - util.py[DEBUG]: Reading from /usr/lib/python3.9/site-packages/cloudinit/config/schemas/schema-cloud-config-v1.json (quiet=False)
2026-02-04 10:53:25,111 - util.py[DEBUG]: Read 102081 bytes from /usr/lib/python3.9/site-packages/cloudinit/config/schemas/schema-cloud-config-v1.json
2026-02-04 10:53:25,112 - util.py[DEBUG]: Reading from /usr/lib/python3.9/site-packages/cloudinit/config/schemas/schema-cloud-config-v1.json (quiet=False)
2026-02-04 10:53:25,113 - util.py[DEBUG]: Read 102081 bytes from /usr/lib/python3.9/site-packages/cloudinit/config/schemas/schema-cloud-config-v1.json
2026-02-04 10:53:25,115 - util.py[DEBUG]: Reading from /usr/lib/python3.9/site-packages/cloudinit/config/schemas/schema-cloud-config-v1.json (quiet=False)
2026-02-04 10:53:25,115 - util.py[DEBUG]: Read 102081 bytes from /usr/lib/python3.9/site-packages/cloudinit/config/schemas/schema-cloud-config-v1.json
2026-02-04 10:53:25,117 - util.py[DEBUG]: Reading from /usr/lib/python3.9/site-packages/cloudinit/config/schemas/schema-cloud-config-v1.json (quiet=False)
2026-02-04 10:53:25,117 - util.py[DEBUG]: Read 102081 bytes from /usr/lib/python3.9/site-packages/cloudinit/config/schemas/schema-cloud-config-v1.json
2026-02-04 10:53:25,119 - util.py[DEBUG]: Reading from /usr/lib/python3.9/site-packages/cloudinit/config/schemas/schema-cloud-config-v1.json (quiet=False)
2026-02-04 10:53:25,119 - util.py[DEBUG]: Read 102081 bytes from /usr/lib/python3.9/site-packages/cloudinit/config/schemas/schema-cloud-config-v1.json
2026-02-04 10:53:25,121 - util.py[DEBUG]: Reading from /usr/lib/python3.9/site-packages/cloudinit/config/schemas/schema-cloud-config-v1.json (quiet=False)
2026-02-04 10:53:25,121 - util.py[DEBUG]: Read 102081 bytes from /usr/lib/python3.9/site-packages/cloudinit/config/schemas/schema-cloud-config-v1.json
2026-02-04 10:53:25,124 - util.py[DEBUG]: Reading from /usr/lib/python3.9/site-packages/cloudinit/config/schemas/schema-cloud-config-v1.json (quiet=False)
2026-02-04 10:53:25,124 - util.py[DEBUG]: Read 102081 bytes from /usr/lib/python3.9/site-packages/cloudinit/config/schemas/schema-cloud-config-v1.json
2026-02-04 10:53:25,126 - util.py[DEBUG]: Reading from /usr/lib/python3.9/site-packages/cloudinit/config/schemas/schema-cloud-config-v1.json (quiet=False)
2026-02-04 10:53:25,126 - util.py[DEBUG]: Read 102081 bytes from /usr/lib/python3.9/site-packages/cloudinit/config/schemas/schema-cloud-config-v1.json
2026-02-04 10:53:25,128 - util.py[DEBUG]: Reading from /usr/lib/python3.9/site-packages/cloudinit/config/schemas/schema-cloud-config-v1.json (quiet=False)
2026-02-04 10:53:25,128 - util.py[DEBUG]: Read 102081 bytes from /usr/lib/python3.9/site-packages/cloudinit/config/schemas/schema-cloud-config-v1.json
2026-02-04 10:53:25,130 - util.py[DEBUG]: Reading from /usr/lib/python3.9/site-packages/cloudinit/config/schemas/schema-cloud-config-v1.json (quiet=False)
2026-02-04 10:53:25,130 - util.py[DEBUG]: Read 102081 bytes from /usr/lib/python3.9/site-packages/cloudinit/config/schemas/schema-cloud-config-v1.json
2026-02-04 10:53:25,132 - util.py[DEBUG]: Reading from /usr/lib/python3.9/site-packages/cloudinit/config/schemas/schema-cloud-config-v1.json (quiet=False)
2026-02-04 10:53:25,133 - util.py[DEBUG]: Read 102081 bytes from /usr/lib/python3.9/site-packages/cloudinit/config/schemas/schema-cloud-config-v1.json
2026-02-04 10:53:25,135 - util.py[DEBUG]: Reading from /usr/lib/python3.9/site-packages/cloudinit/config/schemas/schema-cloud-config-v1.json (quiet=False)
2026-02-04 10:53:25,135 - util.py[DEBUG]: Read 102081 bytes from /usr/lib/python3.9/site-packages/cloudinit/config/schemas/schema-cloud-config-v1.json
2026-02-04 10:53:25,136 - stages.py[DEBUG]: Using distro class <class 'cloudinit.distros.amazon.Distro'>
2026-02-04 10:53:25,137 - modules.py[DEBUG]: Running module package-update-upgrade-install (<module 'cloudinit.config.cc_package_update_upgrade_install' from '/usr/lib/python3.9/site-packages/cloudinit/config/cc_package_update_upgrade_install.py'>) with frequency once-per-instance
2026-02-04 10:53:25,137 - handlers.py[DEBUG]: start: modules-final/config-package-update-upgrade-install: running config-package-update-upgrade-install with frequency once-per-instance
2026-02-04 10:53:25,137 - util.py[DEBUG]: Writing to /var/lib/cloud/instances/i-02715b4d4f4853c6e/sem/config_package_update_upgrade_install - wb: [644] 25 bytes
2026-02-04 10:53:25,139 - util.py[DEBUG]: Restoring selinux mode for /var/lib/cloud/instances/i-02715b4d4f4853c6e/sem/config_package_update_upgrade_install (recursive=False)
2026-02-04 10:53:25,141 - util.py[DEBUG]: Restoring selinux mode for /var/lib/cloud/instances/i-02715b4d4f4853c6e/sem/config_package_update_upgrade_install (recursive=False)
2026-02-04 10:53:25,141 - helpers.py[DEBUG]: Running config-package-update-upgrade-install using lock (<FileLock using file '/var/lib/cloud/instances/i-02715b4d4f4853c6e/sem/config_package_update_upgrade_install'>)
2026-02-04 10:53:25,141 - handlers.py[DEBUG]: finish: modules-final/config-package-update-upgrade-install: SUCCESS: config-package-update-upgrade-install ran successfully
2026-02-04 10:53:25,141 - modules.py[DEBUG]: Running module write-files-deferred (<module 'cloudinit.config.cc_write_files_deferred' from '/usr/lib/python3.9/site-packages/cloudinit/config/cc_write_files_deferred.py'>) with frequency once-per-instance
2026-02-04 10:53:25,142 - handlers.py[DEBUG]: start: modules-final/config-write-files-deferred: running config-write-files-deferred with frequency once-per-instance
2026-02-04 10:53:25,142 - util.py[DEBUG]: Writing to /var/lib/cloud/instances/i-02715b4d4f4853c6e/sem/config_write_files_deferred - wb: [644] 25 bytes
2026-02-04 10:53:25,142 - util.py[DEBUG]: Restoring selinux mode for /var/lib/cloud/instances/i-02715b4d4f4853c6e/sem/config_write_files_deferred (recursive=False)
2026-02-04 10:53:25,143 - util.py[DEBUG]: Restoring selinux mode for /var/lib/cloud/instances/i-02715b4d4f4853c6e/sem/config_write_files_deferred (recursive=False)
2026-02-04 10:53:25,143 - helpers.py[DEBUG]: Running config-write-files-deferred using lock (<FileLock using file '/var/lib/cloud/instances/i-02715b4d4f4853c6e/sem/config_write_files_deferred'>)
2026-02-04 10:53:25,143 - cc_write_files_deferred.py[DEBUG]: Skipping module named write-files-deferred, no deferred file defined in configuration
2026-02-04 10:53:25,143 - handlers.py[DEBUG]: finish: modules-final/config-write-files-deferred: SUCCESS: config-write-files-deferred ran successfully
2026-02-04 10:53:25,143 - modules.py[DEBUG]: Running module puppet (<module 'cloudinit.config.cc_puppet' from '/usr/lib/python3.9/site-packages/cloudinit/config/cc_puppet.py'>) with frequency once-per-instance
2026-02-04 10:53:25,144 - handlers.py[DEBUG]: start: modules-final/config-puppet: running config-puppet with frequency once-per-instance
2026-02-04 10:53:25,144 - util.py[DEBUG]: Writing to /var/lib/cloud/instances/i-02715b4d4f4853c6e/sem/config_puppet - wb: [644] 25 bytes
2026-02-04 10:53:25,144 - util.py[DEBUG]: Restoring selinux mode for /var/lib/cloud/instances/i-02715b4d4f4853c6e/sem/config_puppet (recursive=False)
2026-02-04 10:53:25,145 - util.py[DEBUG]: Restoring selinux mode for /var/lib/cloud/instances/i-02715b4d4f4853c6e/sem/config_puppet (recursive=False)
2026-02-04 10:53:25,145 - helpers.py[DEBUG]: Running config-puppet using lock (<FileLock using file '/var/lib/cloud/instances/i-02715b4d4f4853c6e/sem/config_puppet'>)
2026-02-04 10:53:25,145 - cc_puppet.py[DEBUG]: Skipping module named puppet, no 'puppet' configuration found
2026-02-04 10:53:25,145 - handlers.py[DEBUG]: finish: modules-final/config-puppet: SUCCESS: config-puppet ran successfully
2026-02-04 10:53:25,145 - modules.py[DEBUG]: Running module chef (<module 'cloudinit.config.cc_chef' from '/usr/lib/python3.9/site-packages/cloudinit/config/cc_chef.py'>) with frequency always
2026-02-04 10:53:25,145 - handlers.py[DEBUG]: start: modules-final/config-chef: running config-chef with frequency always
2026-02-04 10:53:25,145 - helpers.py[DEBUG]: Running config-chef using lock (<cloudinit.helpers.DummyLock object at 0x7f6f3f7822b0>)
2026-02-04 10:53:25,145 - cc_chef.py[DEBUG]: Skipping module named chef, no 'chef' key in configuration
2026-02-04 10:53:25,145 - handlers.py[DEBUG]: finish: modules-final/config-chef: SUCCESS: config-chef ran successfully
2026-02-04 10:53:25,145 - modules.py[DEBUG]: Running module mcollective (<module 'cloudinit.config.cc_mcollective' from '/usr/lib/python3.9/site-packages/cloudinit/config/cc_mcollective.py'>) with frequency once-per-instance
2026-02-04 10:53:25,146 - handlers.py[DEBUG]: start: modules-final/config-mcollective: running config-mcollective with frequency once-per-instance
2026-02-04 10:53:25,146 - util.py[DEBUG]: Writing to /var/lib/cloud/instances/i-02715b4d4f4853c6e/sem/config_mcollective - wb: [644] 25 bytes
2026-02-04 10:53:25,146 - util.py[DEBUG]: Restoring selinux mode for /var/lib/cloud/instances/i-02715b4d4f4853c6e/sem/config_mcollective (recursive=False)
2026-02-04 10:53:25,147 - util.py[DEBUG]: Restoring selinux mode for /var/lib/cloud/instances/i-02715b4d4f4853c6e/sem/config_mcollective (recursive=False)
2026-02-04 10:53:25,147 - helpers.py[DEBUG]: Running config-mcollective using lock (<FileLock using file '/var/lib/cloud/instances/i-02715b4d4f4853c6e/sem/config_mcollective'>)
2026-02-04 10:53:25,147 - cc_mcollective.py[DEBUG]: Skipping module named mcollective, no 'mcollective' key in configuration
2026-02-04 10:53:25,147 - handlers.py[DEBUG]: finish: modules-final/config-mcollective: SUCCESS: config-mcollective ran successfully
2026-02-04 10:53:25,147 - modules.py[DEBUG]: Running module salt-minion (<module 'cloudinit.config.cc_salt_minion' from '/usr/lib/python3.9/site-packages/cloudinit/config/cc_salt_minion.py'>) with frequency once-per-instance
2026-02-04 10:53:25,147 - handlers.py[DEBUG]: start: modules-final/config-salt-minion: running config-salt-minion with frequency once-per-instance
2026-02-04 10:53:25,147 - util.py[DEBUG]: Writing to /var/lib/cloud/instances/i-02715b4d4f4853c6e/sem/config_salt_minion - wb: [644] 25 bytes
2026-02-04 10:53:25,148 - util.py[DEBUG]: Restoring selinux mode for /var/lib/cloud/instances/i-02715b4d4f4853c6e/sem/config_salt_minion (recursive=False)
2026-02-04 10:53:25,148 - util.py[DEBUG]: Restoring selinux mode for /var/lib/cloud/instances/i-02715b4d4f4853c6e/sem/config_salt_minion (recursive=False)
2026-02-04 10:53:25,149 - helpers.py[DEBUG]: Running config-salt-minion using lock (<FileLock using file '/var/lib/cloud/instances/i-02715b4d4f4853c6e/sem/config_salt_minion'>)
2026-02-04 10:53:25,149 - cc_salt_minion.py[DEBUG]: Skipping module named salt-minion, no 'salt_minion' key in configuration
2026-02-04 10:53:25,149 - handlers.py[DEBUG]: finish: modules-final/config-salt-minion: SUCCESS: config-salt-minion ran successfully
2026-02-04 10:53:25,149 - modules.py[DEBUG]: Running module reset_rmc (<module 'cloudinit.config.cc_reset_rmc' from '/usr/lib/python3.9/site-packages/cloudinit/config/cc_reset_rmc.py'>) with frequency once-per-instance
2026-02-04 10:53:25,149 - handlers.py[DEBUG]: start: modules-final/config-reset_rmc: running config-reset_rmc with frequency once-per-instance
2026-02-04 10:53:25,149 - util.py[DEBUG]: Writing to /var/lib/cloud/instances/i-02715b4d4f4853c6e/sem/config_reset_rmc - wb: [644] 25 bytes
2026-02-04 10:53:25,150 - util.py[DEBUG]: Restoring selinux mode for /var/lib/cloud/instances/i-02715b4d4f4853c6e/sem/config_reset_rmc (recursive=False)
2026-02-04 10:53:25,150 - util.py[DEBUG]: Restoring selinux mode for /var/lib/cloud/instances/i-02715b4d4f4853c6e/sem/config_reset_rmc (recursive=False)
2026-02-04 10:53:25,150 - helpers.py[DEBUG]: Running config-reset_rmc using lock (<FileLock using file '/var/lib/cloud/instances/i-02715b4d4f4853c6e/sem/config_reset_rmc'>)
2026-02-04 10:53:25,151 - cc_reset_rmc.py[DEBUG]: module disabled, RSCT_PATH not present
2026-02-04 10:53:25,151 - handlers.py[DEBUG]: finish: modules-final/config-reset_rmc: SUCCESS: config-reset_rmc ran successfully
2026-02-04 10:53:25,151 - modules.py[DEBUG]: Running module refresh_rmc_and_interface (<module 'cloudinit.config.cc_refresh_rmc_and_interface' from '/usr/lib/python3.9/site-packages/cloudinit/config/cc_refresh_rmc_and_interface.py'>) with frequency always
2026-02-04 10:53:25,151 - handlers.py[DEBUG]: start: modules-final/config-refresh_rmc_and_interface: running config-refresh_rmc_and_interface with frequency always
2026-02-04 10:53:25,151 - helpers.py[DEBUG]: Running config-refresh_rmc_and_interface using lock (<cloudinit.helpers.DummyLock object at 0x7f6f3f7822b0>)
2026-02-04 10:53:25,151 - cc_refresh_rmc_and_interface.py[DEBUG]: No 'rmcctrl' in path, disabled
2026-02-04 10:53:25,151 - handlers.py[DEBUG]: finish: modules-final/config-refresh_rmc_and_interface: SUCCESS: config-refresh_rmc_and_interface ran successfully
2026-02-04 10:53:25,151 - modules.py[DEBUG]: Running module rightscale_userdata (<module 'cloudinit.config.cc_rightscale_userdata' from '/usr/lib/python3.9/site-packages/cloudinit/config/cc_rightscale_userdata.py'>) with frequency once-per-instance
2026-02-04 10:53:25,151 - handlers.py[DEBUG]: start: modules-final/config-rightscale_userdata: running config-rightscale_userdata with frequency once-per-instance
2026-02-04 10:53:25,151 - util.py[DEBUG]: Writing to /var/lib/cloud/instances/i-02715b4d4f4853c6e/sem/config_rightscale_userdata - wb: [644] 25 bytes
2026-02-04 10:53:25,152 - util.py[DEBUG]: Restoring selinux mode for /var/lib/cloud/instances/i-02715b4d4f4853c6e/sem/config_rightscale_userdata (recursive=False)
2026-02-04 10:53:25,152 - util.py[DEBUG]: Restoring selinux mode for /var/lib/cloud/instances/i-02715b4d4f4853c6e/sem/config_rightscale_userdata (recursive=False)
2026-02-04 10:53:25,153 - helpers.py[DEBUG]: Running config-rightscale_userdata using lock (<FileLock using file '/var/lib/cloud/instances/i-02715b4d4f4853c6e/sem/config_rightscale_userdata'>)
2026-02-04 10:53:25,153 - cc_rightscale_userdata.py[DEBUG]: Failed to get raw userdata in module rightscale_userdata
2026-02-04 10:53:25,153 - handlers.py[DEBUG]: finish: modules-final/config-rightscale_userdata: SUCCESS: config-rightscale_userdata ran successfully
2026-02-04 10:53:25,153 - modules.py[DEBUG]: Running module scripts-vendor (<module 'cloudinit.config.cc_scripts_vendor' from '/usr/lib/python3.9/site-packages/cloudinit/config/cc_scripts_vendor.py'>) with frequency once-per-instance
2026-02-04 10:53:25,153 - handlers.py[DEBUG]: start: modules-final/config-scripts-vendor: running config-scripts-vendor with frequency once-per-instance
2026-02-04 10:53:25,153 - util.py[DEBUG]: Writing to /var/lib/cloud/instances/i-02715b4d4f4853c6e/sem/config_scripts_vendor - wb: [644] 24 bytes
2026-02-04 10:53:25,153 - util.py[DEBUG]: Restoring selinux mode for /var/lib/cloud/instances/i-02715b4d4f4853c6e/sem/config_scripts_vendor (recursive=False)
2026-02-04 10:53:25,154 - util.py[DEBUG]: Restoring selinux mode for /var/lib/cloud/instances/i-02715b4d4f4853c6e/sem/config_scripts_vendor (recursive=False)
2026-02-04 10:53:25,154 - helpers.py[DEBUG]: Running config-scripts-vendor using lock (<FileLock using file '/var/lib/cloud/instances/i-02715b4d4f4853c6e/sem/config_scripts_vendor'>)
2026-02-04 10:53:25,155 - handlers.py[DEBUG]: finish: modules-final/config-scripts-vendor: SUCCESS: config-scripts-vendor ran successfully
2026-02-04 10:53:25,155 - modules.py[DEBUG]: Running module scripts-per-once (<module 'cloudinit.config.cc_scripts_per_once' from '/usr/lib/python3.9/site-packages/cloudinit/config/cc_scripts_per_once.py'>) with frequency once
2026-02-04 10:53:25,155 - handlers.py[DEBUG]: start: modules-final/config-scripts-per-once: running config-scripts-per-once with frequency once
2026-02-04 10:53:25,155 - util.py[DEBUG]: Writing to /var/lib/cloud/sem/config_scripts_per_once.once - wb: [644] 24 bytes
2026-02-04 10:53:25,155 - util.py[DEBUG]: Restoring selinux mode for /var/lib/cloud/sem/config_scripts_per_once.once (recursive=False)
2026-02-04 10:53:25,156 - util.py[DEBUG]: Restoring selinux mode for /var/lib/cloud/sem/config_scripts_per_once.once (recursive=False)
2026-02-04 10:53:25,156 - helpers.py[DEBUG]: Running config-scripts-per-once using lock (<FileLock using file '/var/lib/cloud/sem/config_scripts_per_once.once'>)
2026-02-04 10:53:25,156 - handlers.py[DEBUG]: finish: modules-final/config-scripts-per-once: SUCCESS: config-scripts-per-once ran successfully
2026-02-04 10:53:25,156 - modules.py[DEBUG]: Running module scripts-per-boot (<module 'cloudinit.config.cc_scripts_per_boot' from '/usr/lib/python3.9/site-packages/cloudinit/config/cc_scripts_per_boot.py'>) with frequency always
2026-02-04 10:53:25,156 - handlers.py[DEBUG]: start: modules-final/config-scripts-per-boot: running config-scripts-per-boot with frequency always
2026-02-04 10:53:25,156 - helpers.py[DEBUG]: Running config-scripts-per-boot using lock (<cloudinit.helpers.DummyLock object at 0x7f6f3f7821f0>)
2026-02-04 10:53:25,157 - handlers.py[DEBUG]: finish: modules-final/config-scripts-per-boot: SUCCESS: config-scripts-per-boot ran successfully
2026-02-04 10:53:25,157 - modules.py[DEBUG]: Running module scripts-per-instance (<module 'cloudinit.config.cc_scripts_per_instance' from '/usr/lib/python3.9/site-packages/cloudinit/config/cc_scripts_per_instance.py'>) with frequency once-per-instance
2026-02-04 10:53:25,157 - handlers.py[DEBUG]: start: modules-final/config-scripts-per-instance: running config-scripts-per-instance with frequency once-per-instance
2026-02-04 10:53:25,157 - util.py[DEBUG]: Writing to /var/lib/cloud/instances/i-02715b4d4f4853c6e/sem/config_scripts_per_instance - wb: [644] 24 bytes
2026-02-04 10:53:25,157 - util.py[DEBUG]: Restoring selinux mode for /var/lib/cloud/instances/i-02715b4d4f4853c6e/sem/config_scripts_per_instance (recursive=False)
2026-02-04 10:53:25,158 - util.py[DEBUG]: Restoring selinux mode for /var/lib/cloud/instances/i-02715b4d4f4853c6e/sem/config_scripts_per_instance (recursive=False)
2026-02-04 10:53:25,158 - helpers.py[DEBUG]: Running config-scripts-per-instance using lock (<FileLock using file '/var/lib/cloud/instances/i-02715b4d4f4853c6e/sem/config_scripts_per_instance'>)
2026-02-04 10:53:25,158 - handlers.py[DEBUG]: finish: modules-final/config-scripts-per-instance: SUCCESS: config-scripts-per-instance ran successfully
2026-02-04 10:53:25,158 - modules.py[DEBUG]: Running module scripts-user (<module 'cloudinit.config.cc_scripts_user' from '/usr/lib/python3.9/site-packages/cloudinit/config/cc_scripts_user.py'>) with frequency once-per-instance
2026-02-04 10:53:25,158 - handlers.py[DEBUG]: start: modules-final/config-scripts-user: running config-scripts-user with frequency once-per-instance
2026-02-04 10:53:25,159 - util.py[DEBUG]: Writing to /var/lib/cloud/instances/i-02715b4d4f4853c6e/sem/config_scripts_user - wb: [644] 25 bytes
2026-02-04 10:53:25,159 - util.py[DEBUG]: Restoring selinux mode for /var/lib/cloud/instances/i-02715b4d4f4853c6e/sem/config_scripts_user (recursive=False)
2026-02-04 10:53:25,160 - util.py[DEBUG]: Restoring selinux mode for /var/lib/cloud/instances/i-02715b4d4f4853c6e/sem/config_scripts_user (recursive=False)
2026-02-04 10:53:25,160 - helpers.py[DEBUG]: Running config-scripts-user using lock (<FileLock using file '/var/lib/cloud/instances/i-02715b4d4f4853c6e/sem/config_scripts_user'>)
2026-02-04 10:53:25,160 - subp.py[DEBUG]: Running command ['/var/lib/cloud/instance/scripts/part-001'] with allowed return codes [0] (shell=False, capture=False)
2026-02-04 10:55:15,332 - handlers.py[DEBUG]: finish: modules-final/config-scripts-user: SUCCESS: config-scripts-user ran successfully
2026-02-04 10:55:15,333 - modules.py[DEBUG]: Running module ssh-authkey-fingerprints (<module 'cloudinit.config.cc_ssh_authkey_fingerprints' from '/usr/lib/python3.9/site-packages/cloudinit/config/cc_ssh_authkey_fingerprints.py'>) with frequency once-per-instance
2026-02-04 10:55:15,333 - handlers.py[DEBUG]: start: modules-final/config-ssh-authkey-fingerprints: running config-ssh-authkey-fingerprints with frequency once-per-instance
2026-02-04 10:55:15,334 - util.py[DEBUG]: Writing to /var/lib/cloud/instances/i-02715b4d4f4853c6e/sem/config_ssh_authkey_fingerprints - wb: [644] 25 bytes
2026-02-04 10:55:15,335 - util.py[DEBUG]: Restoring selinux mode for /var/lib/cloud/instances/i-02715b4d4f4853c6e/sem/config_ssh_authkey_fingerprints (recursive=False)
2026-02-04 10:55:15,337 - util.py[DEBUG]: Restoring selinux mode for /var/lib/cloud/instances/i-02715b4d4f4853c6e/sem/config_ssh_authkey_fingerprints (recursive=False)
2026-02-04 10:55:15,338 - helpers.py[DEBUG]: Running config-ssh-authkey-fingerprints using lock (<FileLock using file '/var/lib/cloud/instances/i-02715b4d4f4853c6e/sem/config_ssh_authkey_fingerprints'>)
2026-02-04 10:55:15,338 - util.py[DEBUG]: Reading from /etc/ssh/sshd_config (quiet=False)
2026-02-04 10:55:15,339 - util.py[DEBUG]: Read 3803 bytes from /etc/ssh/sshd_config
2026-02-04 10:55:15,340 - util.py[DEBUG]: Restoring selinux mode for /home/ec2-user/.ssh (recursive=True)
2026-02-04 10:55:15,361 - util.py[DEBUG]: Reading from /home/ec2-user/.ssh/authorized_keys (quiet=False)
2026-02-04 10:55:15,361 - util.py[DEBUG]: Read 0 bytes from /home/ec2-user/.ssh/authorized_keys
2026-02-04 10:55:15,362 - handlers.py[DEBUG]: finish: modules-final/config-ssh-authkey-fingerprints: SUCCESS: config-ssh-authkey-fingerprints ran successfully
2026-02-04 10:55:15,362 - modules.py[DEBUG]: Running module keys-to-console (<module 'cloudinit.config.cc_keys_to_console' from '/usr/lib/python3.9/site-packages/cloudinit/config/cc_keys_to_console.py'>) with frequency once-per-instance
2026-02-04 10:55:15,362 - handlers.py[DEBUG]: start: modules-final/config-keys-to-console: running config-keys-to-console with frequency once-per-instance
2026-02-04 10:55:15,362 - util.py[DEBUG]: Writing to /var/lib/cloud/instances/i-02715b4d4f4853c6e/sem/config_keys_to_console - wb: [644] 25 bytes
2026-02-04 10:55:15,363 - util.py[DEBUG]: Restoring selinux mode for /var/lib/cloud/instances/i-02715b4d4f4853c6e/sem/config_keys_to_console (recursive=False)
2026-02-04 10:55:15,364 - util.py[DEBUG]: Restoring selinux mode for /var/lib/cloud/instances/i-02715b4d4f4853c6e/sem/config_keys_to_console (recursive=False)
2026-02-04 10:55:15,365 - helpers.py[DEBUG]: Running config-keys-to-console using lock (<FileLock using file '/var/lib/cloud/instances/i-02715b4d4f4853c6e/sem/config_keys_to_console'>)
2026-02-04 10:55:15,365 - subp.py[DEBUG]: Running command ['/usr/libexec/cloud-init/write-ssh-key-fingerprints', '', 'ssh-dss'] with allowed return codes [0] (shell=False, capture=True)
2026-02-04 10:55:15,413 - handlers.py[DEBUG]: finish: modules-final/config-keys-to-console: SUCCESS: config-keys-to-console ran successfully
2026-02-04 10:55:15,413 - modules.py[DEBUG]: Running module install-hotplug (<module 'cloudinit.config.cc_install_hotplug' from '/usr/lib/python3.9/site-packages/cloudinit/config/cc_install_hotplug.py'>) with frequency once-per-instance
2026-02-04 10:55:15,414 - handlers.py[DEBUG]: start: modules-final/config-install-hotplug: running config-install-hotplug with frequency once-per-instance
2026-02-04 10:55:15,414 - util.py[DEBUG]: Writing to /var/lib/cloud/instances/i-02715b4d4f4853c6e/sem/config_install_hotplug - wb: [644] 25 bytes
2026-02-04 10:55:15,415 - util.py[DEBUG]: Restoring selinux mode for /var/lib/cloud/instances/i-02715b4d4f4853c6e/sem/config_install_hotplug (recursive=False)
2026-02-04 10:55:15,417 - util.py[DEBUG]: Restoring selinux mode for /var/lib/cloud/instances/i-02715b4d4f4853c6e/sem/config_install_hotplug (recursive=False)
2026-02-04 10:55:15,417 - helpers.py[DEBUG]: Running config-install-hotplug using lock (<FileLock using file '/var/lib/cloud/instances/i-02715b4d4f4853c6e/sem/config_install_hotplug'>)
2026-02-04 10:55:15,417 - stages.py[DEBUG]: Allowed events: {<EventScope.NETWORK: 'network'>: {<EventType.BOOT_NEW_INSTANCE: 'boot-new-instance'>}}
2026-02-04 10:55:15,418 - stages.py[DEBUG]: Event Denied: scopes=['network'] EventType=hotplug
2026-02-04 10:55:15,418 - cc_install_hotplug.py[DEBUG]: Skipping hotplug install, not enabled
2026-02-04 10:55:15,418 - handlers.py[DEBUG]: finish: modules-final/config-install-hotplug: SUCCESS: config-install-hotplug ran successfully
2026-02-04 10:55:15,418 - modules.py[DEBUG]: Running module phone-home (<module 'cloudinit.config.cc_phone_home' from '/usr/lib/python3.9/site-packages/cloudinit/config/cc_phone_home.py'>) with frequency once-per-instance
2026-02-04 10:55:15,418 - handlers.py[DEBUG]: start: modules-final/config-phone-home: running config-phone-home with frequency once-per-instance
2026-02-04 10:55:15,418 - util.py[DEBUG]: Writing to /var/lib/cloud/instances/i-02715b4d4f4853c6e/sem/config_phone_home - wb: [644] 25 bytes
2026-02-04 10:55:15,419 - util.py[DEBUG]: Restoring selinux mode for /var/lib/cloud/instances/i-02715b4d4f4853c6e/sem/config_phone_home (recursive=False)
2026-02-04 10:55:15,420 - util.py[DEBUG]: Restoring selinux mode for /var/lib/cloud/instances/i-02715b4d4f4853c6e/sem/config_phone_home (recursive=False)
2026-02-04 10:55:15,421 - helpers.py[DEBUG]: Running config-phone-home using lock (<FileLock using file '/var/lib/cloud/instances/i-02715b4d4f4853c6e/sem/config_phone_home'>)
2026-02-04 10:55:15,421 - cc_phone_home.py[DEBUG]: Skipping module named phone-home, no 'phone_home' configuration found
2026-02-04 10:55:15,421 - handlers.py[DEBUG]: finish: modules-final/config-phone-home: SUCCESS: config-phone-home ran successfully
2026-02-04 10:55:15,421 - modules.py[DEBUG]: Running module final-message (<module 'cloudinit.config.cc_final_message' from '/usr/lib/python3.9/site-packages/cloudinit/config/cc_final_message.py'>) with frequency always
2026-02-04 10:55:15,421 - handlers.py[DEBUG]: start: modules-final/config-final-message: running config-final-message with frequency always
2026-02-04 10:55:15,421 - helpers.py[DEBUG]: Running config-final-message using lock (<cloudinit.helpers.DummyLock object at 0x7f6f3f782f40>)
2026-02-04 10:55:15,421 - util.py[DEBUG]: Reading from /proc/uptime (quiet=False)
2026-02-04 10:55:15,421 - util.py[DEBUG]: Read 13 bytes from /proc/uptime
2026-02-04 10:55:15,429 - util.py[DEBUG]: Cloud-init v. 22.2.2 finished at Wed, 04 Feb 2026 10:55:15 +0000. Datasource DataSourceEc2.  Up 117.05 seconds
2026-02-04 10:55:15,429 - util.py[DEBUG]: Writing to /var/lib/cloud/instance/boot-finished - wb: [644] 53 bytes
2026-02-04 10:55:15,430 - util.py[DEBUG]: Restoring selinux mode for /var/lib/cloud/instances/i-02715b4d4f4853c6e/boot-finished (recursive=False)
2026-02-04 10:55:15,431 - util.py[DEBUG]: Restoring selinux mode for /var/lib/cloud/instances/i-02715b4d4f4853c6e/boot-finished (recursive=False)
2026-02-04 10:55:15,432 - handlers.py[DEBUG]: finish: modules-final/config-final-message: SUCCESS: config-final-message ran successfully
2026-02-04 10:55:15,432 - modules.py[DEBUG]: Running module power-state-change (<module 'cloudinit.config.cc_power_state_change' from '/usr/lib/python3.9/site-packages/cloudinit/config/cc_power_state_change.py'>) with frequency once-per-instance
2026-02-04 10:55:15,432 - handlers.py[DEBUG]: start: modules-final/config-power-state-change: running config-power-state-change with frequency once-per-instance
2026-02-04 10:55:15,432 - util.py[DEBUG]: Writing to /var/lib/cloud/instances/i-02715b4d4f4853c6e/sem/config_power_state_change - wb: [644] 24 bytes
2026-02-04 10:55:15,433 - util.py[DEBUG]: Restoring selinux mode for /var/lib/cloud/instances/i-02715b4d4f4853c6e/sem/config_power_state_change (recursive=False)
2026-02-04 10:55:15,434 - util.py[DEBUG]: Restoring selinux mode for /var/lib/cloud/instances/i-02715b4d4f4853c6e/sem/config_power_state_change (recursive=False)
2026-02-04 10:55:15,435 - helpers.py[DEBUG]: Running config-power-state-change using lock (<FileLock using file '/var/lib/cloud/instances/i-02715b4d4f4853c6e/sem/config_power_state_change'>)
2026-02-04 10:55:15,435 - util.py[DEBUG]: Reading from /proc/1977/cmdline (quiet=False)
2026-02-04 10:55:15,435 - util.py[DEBUG]: Read 58 bytes from /proc/1977/cmdline
2026-02-04 10:55:15,435 - cc_power_state_change.py[DEBUG]: After pid 1977 ends, will execute: shutdown -r now Rebooting machine to apply SELinux kernel commandline setting
2026-02-04 10:55:15,438 - util.py[DEBUG]: Reading from /proc/1977/cmdline (quiet=False)
2026-02-04 10:55:15,438 - util.py[DEBUG]: Read 58 bytes from /proc/1977/cmdline
2026-02-04 10:55:15,438 - util.py[DEBUG]: Forked child 10625 who will run callback run_after_pid_gone
2026-02-04 10:55:15,439 - handlers.py[DEBUG]: finish: modules-final/config-power-state-change: SUCCESS: config-power-state-change ran successfully
2026-02-04 10:55:15,440 - main.py[DEBUG]: Ran 20 modules with 0 failures
2026-02-04 10:55:15,441 - atomic_helper.py[DEBUG]: Atomically writing to file /var/lib/cloud/data/status.json (via temporary file /var/lib/cloud/data/tmpquijyo01) - w: [644] 542 bytes/chars
2026-02-04 10:55:15,441 - atomic_helper.py[DEBUG]: Atomically writing to file /var/lib/cloud/data/result.json (via temporary file /var/lib/cloud/data/tmpycybu_27) - w: [644] 64 bytes/chars
2026-02-04 10:55:15,442 - util.py[DEBUG]: Creating symbolic link from '/run/cloud-init/result.json' => '../../var/lib/cloud/data/result.json'
2026-02-04 10:55:15,442 - util.py[DEBUG]: Reading from /proc/uptime (quiet=False)
2026-02-04 10:55:15,442 - util.py[DEBUG]: Read 13 bytes from /proc/uptime
2026-02-04 10:55:15,442 - util.py[DEBUG]: cloud-init mode 'modules' took 110.422 seconds (109.37)
2026-02-04 10:55:15,442 - handlers.py[DEBUG]: finish: modules-final: SUCCESS: running modules for final
2026-02-04 10:55:15,689 - util.py[DEBUG]: Reading from /proc/1977/cmdline (quiet=False)
2026-02-04 10:55:15,689 - cc_power_state_change.py[DEBUG]: cmdline changed for 1977 [now: None]
2026-02-04 10:55:15,693 - cc_power_state_change.py[DEBUG]: check_condition command (test -f /run/cloud-init-selinux-reboot): exited 1. condition not met.